Archive member included to satisfy reference by file (symbol)

C:/Users/vilak/AppData/Local/Arm/Packs/ONSemiconductor/RSL10/3.6.465/lib/ble_core/Release/libblelib.a(prf-prf_utils.o)
                              ./RTE/BLE/BLE_BASS.o (prf_env_get)
C:/Users/vilak/AppData/Local/Arm/Packs/ONSemiconductor/RSL10/3.6.465/lib/ble_core/Release/libblelib.a(rwip.o)
                              ./RTE/BLE/BLE_PeripheralServer.o (BLE_Reset)
C:/Users/vilak/AppData/Local/Arm/Packs/ONSemiconductor/RSL10/3.6.465/lib/ble_core/Release/libblelib.a(rf_atlas.o)
                              C:/Users/vilak/AppData/Local/Arm/Packs/ONSemiconductor/RSL10/3.6.465/lib/ble_core/Release/libblelib.a(rwip.o) (rf_init)
C:/Users/vilak/AppData/Local/Arm/Packs/ONSemiconductor/RSL10/3.6.465/lib/ble_core/Release/libblelib.a(ecc_p256.o)
                              C:/Users/vilak/AppData/Local/Arm/Packs/ONSemiconductor/RSL10/3.6.465/lib/ble_core/Release/libblelib.a(rwip.o) (ecc_init)
C:/Users/vilak/AppData/Local/Arm/Packs/ONSemiconductor/RSL10/3.6.465/lib/ble_core/Release/libblelib.a(hci.o)
                              C:/Users/vilak/AppData/Local/Arm/Packs/ONSemiconductor/RSL10/3.6.465/lib/ble_core/Release/libblelib.a(rwip.o) (hci_init)
C:/Users/vilak/AppData/Local/Arm/Packs/ONSemiconductor/RSL10/3.6.465/lib/ble_core/Release/libblelib.a(hci_fc.o)
                              C:/Users/vilak/AppData/Local/Arm/Packs/ONSemiconductor/RSL10/3.6.465/lib/ble_core/Release/libblelib.a(hci.o) (hci_fc_init)
C:/Users/vilak/AppData/Local/Arm/Packs/ONSemiconductor/RSL10/3.6.465/lib/ble_core/Release/libblelib.a(hci_msg.o)
                              C:/Users/vilak/AppData/Local/Arm/Packs/ONSemiconductor/RSL10/3.6.465/lib/ble_core/Release/libblelib.a(hci.o) (hci_look_for_cmd_desc)
C:/Users/vilak/AppData/Local/Arm/Packs/ONSemiconductor/RSL10/3.6.465/lib/ble_core/Release/libblelib.a(ea.o)
                              C:/Users/vilak/AppData/Local/Arm/Packs/ONSemiconductor/RSL10/3.6.465/lib/ble_core/Release/libblelib.a(rwip.o) (ea_init)
C:/Users/vilak/AppData/Local/Arm/Packs/ONSemiconductor/RSL10/3.6.465/lib/ble_core/Release/libblelib.a(rwble.o)
                              C:/Users/vilak/AppData/Local/Arm/Packs/ONSemiconductor/RSL10/3.6.465/lib/ble_core/Release/libblelib.a(rwip.o) (rwble_init)
C:/Users/vilak/AppData/Local/Arm/Packs/ONSemiconductor/RSL10/3.6.465/lib/ble_core/Release/libblelib.a(llm.o)
                              C:/Users/vilak/AppData/Local/Arm/Packs/ONSemiconductor/RSL10/3.6.465/lib/ble_core/Release/libblelib.a(rwble.o) (llm_ble_ready)
C:/Users/vilak/AppData/Local/Arm/Packs/ONSemiconductor/RSL10/3.6.465/lib/ble_core/Release/libblelib.a(llm_task.o)
                              C:/Users/vilak/AppData/Local/Arm/Packs/ONSemiconductor/RSL10/3.6.465/lib/ble_core/Release/libblelib.a(llm.o) (llm_state)
C:/Users/vilak/AppData/Local/Arm/Packs/ONSemiconductor/RSL10/3.6.465/lib/ble_core/Release/libblelib.a(llm_util.o)
                              C:/Users/vilak/AppData/Local/Arm/Packs/ONSemiconductor/RSL10/3.6.465/lib/ble_core/Release/libblelib.a(llm.o) (llm_util_bd_addr_wl_position)
C:/Users/vilak/AppData/Local/Arm/Packs/ONSemiconductor/RSL10/3.6.465/lib/ble_core/Release/libblelib.a(lld.o)
                              C:/Users/vilak/AppData/Local/Arm/Packs/ONSemiconductor/RSL10/3.6.465/lib/ble_core/Release/libblelib.a(rwble.o) (lld_init)
C:/Users/vilak/AppData/Local/Arm/Packs/ONSemiconductor/RSL10/3.6.465/lib/ble_core/Release/libblelib.a(lld_evt.o)
                              C:/Users/vilak/AppData/Local/Arm/Packs/ONSemiconductor/RSL10/3.6.465/lib/ble_core/Release/libblelib.a(lld.o) (lld_evt_prevent_stop)
C:/Users/vilak/AppData/Local/Arm/Packs/ONSemiconductor/RSL10/3.6.465/lib/ble_core/Release/libblelib.a(lld_pdu.o)
                              C:/Users/vilak/AppData/Local/Arm/Packs/ONSemiconductor/RSL10/3.6.465/lib/ble_core/Release/libblelib.a(lld_evt.o) (lld_pdu_check)
C:/Users/vilak/AppData/Local/Arm/Packs/ONSemiconductor/RSL10/3.6.465/lib/ble_core/Release/libblelib.a(lld_sleep.o)
                              C:/Users/vilak/AppData/Local/Arm/Packs/ONSemiconductor/RSL10/3.6.465/lib/ble_core/Release/libblelib.a(lld.o) (lld_sleep_init)
C:/Users/vilak/AppData/Local/Arm/Packs/ONSemiconductor/RSL10/3.6.465/lib/ble_core/Release/libblelib.a(lld_util.o)
                              C:/Users/vilak/AppData/Local/Arm/Packs/ONSemiconductor/RSL10/3.6.465/lib/ble_core/Release/libblelib.a(llm_util.o) (lld_util_set_bd_address)
C:/Users/vilak/AppData/Local/Arm/Packs/ONSemiconductor/RSL10/3.6.465/lib/ble_core/Release/libblelib.a(lld_wlcoex.o)
                              C:/Users/vilak/AppData/Local/Arm/Packs/ONSemiconductor/RSL10/3.6.465/lib/ble_core/Release/libblelib.a(rwip.o) (lld_wlcoex_set)
C:/Users/vilak/AppData/Local/Arm/Packs/ONSemiconductor/RSL10/3.6.465/lib/ble_core/Release/libblelib.a(llc.o)
                              C:/Users/vilak/AppData/Local/Arm/Packs/ONSemiconductor/RSL10/3.6.465/lib/ble_core/Release/libblelib.a(rwble.o) (llc_init)
[...]
Memory Configuration

Name             Origin             Length             Attributes
ROM              0x00000000         0x00001000         r
FLASH            0x00100000         0x0005f000         xrw
PRAM             0x00200000         0x00008000         xrw
DRAM             0x20000000         0x00008000         xrw
DRAM_DSP         0x20008000         0x0000a000         xrw
DRAM_BB          0x20012000         0x00004000         xrw
*default*        0x00000000         0xffffffff

Linker script and memory map

START GROUP
LOAD ./src/Common.o
LOAD ./src/DSPF32.o
LOAD ./src/main.o
LOAD ./src/neuton.o
LOAD ./src/normalize.o
LOAD ./RTE/Utility/SEGGER_RTT_Syscalls_GCC.o
LOAD ./RTE/Device/RSL10/BDK.o
LOAD ./RTE/Device/RSL10/BDK_Task.o
LOAD ./RTE/Device/RSL10/EventCallback.o
LOAD ./RTE/Device/RSL10/HAL.o
LOAD ./RTE/Device/RSL10/HAL_I2C.o
LOAD ./RTE/Device/RSL10/HAL_SPI.o
LOAD ./RTE/Device/RSL10/HAL_UART.o
LOAD ./RTE/Device/RSL10/HAL_clock.o
LOAD ./RTE/Device/RSL10/HAL_error.o
LOAD ./RTE/Device/RSL10/I2C_RSLxx.o
LOAD ./RTE/Device/RSL10/SPI_RSLxx.o
LOAD ./RTE/Device/RSL10/SoftwareTimer.o
LOAD ./RTE/Device/RSL10/USART_RSLxx.o
LOAD ./RTE/Device/RSL10/aes.o
LOAD ./RTE/Device/RSL10/rsl10_math_float.o
LOAD ./RTE/Device/RSL10/rsl10_math_frac32.o
LOAD ./RTE/Device/RSL10/rsl10_math_version.o
LOAD ./RTE/Device/RSL10/rsl10_protocol.o
LOAD ./RTE/Device/RSL10/rsl10_romvect.o
LOAD ./RTE/Device/RSL10/rsl10_sys_asrc.o
LOAD ./RTE/Device/RSL10/rsl10_sys_audio.o
LOAD ./RTE/Device/RSL10/rsl10_sys_clocks.o
LOAD ./RTE/Device/RSL10/rsl10_sys_crc.o
LOAD ./RTE/Device/RSL10/rsl10_sys_dma.o
LOAD ./RTE/Device/RSL10/rsl10_sys_flash.o
LOAD ./RTE/Device/RSL10/rsl10_sys_power.o
LOAD ./RTE/Device/RSL10/rsl10_sys_power_modes.o
LOAD ./RTE/Device/RSL10/rsl10_sys_rffe.o
LOAD ./RTE/Device/RSL10/rsl10_sys_timers.o
LOAD ./RTE/Device/RSL10/rsl10_sys_uart.o
LOAD ./RTE/Device/RSL10/rsl10_sys_version.o
LOAD ./RTE/Device/RSL10/sbrk.o
LOAD ./RTE/Device/RSL10/start.o
LOAD ./RTE/Device/RSL10/startup_rsl10.o
LOAD ./RTE/Device/RSL10/stimer.o
LOAD ./RTE/Device/RSL10/stubprf.o
LOAD ./RTE/Device/RSL10/system_rsl10.o
LOAD ./RTE/Components/bhy.o
LOAD ./RTE/Components/bhy1_firmware.o
LOAD ./RTE/Components/bhy_uc_driver.o
LOAD ./RTE/Components/bme680.o
LOAD ./RTE/Board_Support/BHI160_NDOF.o
LOAD ./RTE/Board_Support/BME680_ENV.o
LOAD ./RTE/Board_Support/bhy_support.o
LOAD ./RTE/Board_Support/led_api.o
LOAD ./RTE/BLE/BLE_BASS.o
LOAD ./RTE/BLE/BLE_ICS.o
LOAD ./RTE/BLE/BLE_PeripheralServer.o
LOAD C:/Users/vilak/AppData/Local/Arm/Packs/ONSemiconductor/RSL10/3.6.465/lib/ble_core/Release/libblelib.a
LOAD C:/Users/vilak/AppData/Local/Arm/Packs/ONSemiconductor/RSL10/3.6.465/lib/ble_core/Release/libkelib.a
LOAD C:/Users/vilak/AppData/Local/Arm/Packs/ONSemiconductor/RSL10/3.6.465/lib/ble_profiles/Release/libbass.a
LOAD C:/Users/vilak/AppData/Local/Arm/Packs/ONSemiconductor/BDK/1.19.0/lib/libRTT.a
LOAD c:/program files (x86)/onsemi/ide_v4.1.2.79/arm_tools/bin/../lib/gcc/arm-none-eabi/10.2.1/../../../../arm-none-eabi/lib/thumb/v7-m/nofp\libm.a
END GROUP
START GROUP
LOAD c:/program files (x86)/onsemi/ide_v4.1.2.79/arm_tools/bin/../lib/gcc/arm-none-eabi/10.2.1/thumb/v7-m/nofp\libgcc.a
LOAD c:/program files (x86)/onsemi/ide_v4.1.2.79/arm_tools/bin/../lib/gcc/arm-none-eabi/10.2.1/../../../../arm-none-eabi/lib/thumb/v7-m/nofp\libg_nano.a
LOAD c:/program files (x86)/onsemi/ide_v4.1.2.79/arm_tools/bin/../lib/gcc/arm-none-eabi/10.2.1/../../../../arm-none-eabi/lib/thumb/v7-m/nofp\libc_nano.a
END GROUP
START GROUP
LOAD c:/program files (x86)/onsemi/ide_v4.1.2.79/arm_tools/bin/../lib/gcc/arm-none-eabi/10.2.1/thumb/v7-m/nofp\libgcc.a
LOAD c:/program files (x86)/onsemi/ide_v4.1.2.79/arm_tools/bin/../lib/gcc/arm-none-eabi/10.2.1/../../../../arm-none-eabi/lib/thumb/v7-m/nofp\libc_nano.a
LOAD c:/program files (x86)/onsemi/ide_v4.1.2.79/arm_tools/bin/../lib/gcc/arm-none-eabi/10.2.1/../../../../arm-none-eabi/lib/thumb/v7-m/nofp\libnosys.a
END GROUP
START GROUP
LOAD c:/program files (x86)/onsemi/ide_v4.1.2.79/arm_tools/bin/../lib/gcc/arm-none-eabi/10.2.1/thumb/v7-m/nofp\libgcc.a
LOAD c:/program files (x86)/onsemi/ide_v4.1.2.79/arm_tools/bin/../lib/gcc/arm-none-eabi/10.2.1/../../../../arm-none-eabi/lib/thumb/v7-m/nofp\libc_nano.a
LOAD c:/program files (x86)/onsemi/ide_v4.1.2.79/arm_tools/bin/../lib/gcc/arm-none-eabi/10.2.1/../../../../arm-none-eabi/lib/thumb/v7-m/nofp\libnosys.a
END GROUP
                0x20008000                __stack = (ORIGIN (DRAM) + LENGTH (DRAM))
                [!provide]                PROVIDE (__stack = __stack)
                0x00000400                __Main_Stack_Size = 0x400
                [!provide]                PROVIDE (_Main_Stack_Size = __Main_Stack_Size)
                0x20007c00                __Main_Stack_Limit = (__stack - __Main_Stack_Size)
                [!provide]                PROVIDE (_Main_Stack_Limit = __Main_Stack_Limit)
                0x20003fd4                PROVIDE (__Heap_Begin__ = __noinit_end__)
                0x20007c00                PROVIDE (__Heap_Limit__ = (__stack - __Main_Stack_Size))
                0xe000ed08                __VTOR = 0xe000ed08

.text           0x00100000    0x12508
                0x00100000                . = ALIGN (0x4)
 *(.interrupt_vector)
 .interrupt_vector
                0x00100000      0x158 ./RTE/Device/RSL10/startup_rsl10.o
                0x00100000                ISR_Vector_Table
 *(.reset)
 .reset         0x00100158       0x18 ./RTE/Device/RSL10/startup_rsl10.o
                0x00100158                Reset_Handler
                0x00100170                . = ALIGN (0x4)
                0x00100170                PROVIDE (__preinit_array_start__ = .)
 *(.preinit_array_sysinit .preinit_array_sysinit.*)
 *(.preinit_array_platform .preinit_array_platform.*)
 *(.preinit_array .preinit_array.*)
                0x00100170                PROVIDE (__preinit_array_end__ = .)
                0x00100170                . = ALIGN (0x4)
                0x00100170                PROVIDE (__init_array_start__ = .)
 *(SORT_BY_NAME(.init_array.*))
 *(.init_array)
                0x00100170                PROVIDE (__init_array_end__ = .)
                0x00100170                . = ALIGN (0x4)
 *(.text .text.*)
 .text.InitDataBufferF32
                0x00100170      0x1e8 ./src/DSPF32.o
                0x00100170                InitDataBufferF32
 .text.MinF32   0x00100358        0xc ./src/DSPF32.o
                0x00100358                MinF32
 .text.MaxF32   0x00100364        0xc ./src/DSPF32.o
                0x00100364                MaxF32
 .text.MeanF32  0x00100370        0xc ./src/DSPF32.o
                0x00100370                MeanF32
 .text.RootMeanSquareF32
                0x0010037c        0xc ./src/DSPF32.o
                0x0010037c                RootMeanSquareF32
 .text.CountSignChangesF32
                0x00100388       0x10 ./src/DSPF32.o
                0x00100388                CountSignChangesF32
 .text.VarianceF32
                0x00100398        0xc ./src/DSPF32.o
                0x00100398                VarianceF32
 *fill*         0x001003a4        0x4 
 .text.PetrosianFractalDimensionF32
                0x001003a8       0x64 ./src/DSPF32.o
                0x001003a8                PetrosianFractalDimensionF32
 *fill*         0x0010040c        0x4 
 .text.SkewnessF32
                0x00100410       0x4c ./src/DSPF32.o
                0x00100410                SkewnessF32
 *fill*         0x0010045c        0x4 
 .text.KurtosisF32
                0x00100460       0x48 ./src/DSPF32.o
                0x00100460                KurtosisF32
 .text.ao_vector_cb
                0x001004a8       0x58 ./src/main.o
                0x001004a8                ao_vector_cb
 .text.la_vector_cb
                0x00100500       0x60 ./src/main.o
                0x00100500                la_vector_cb
 .text.gyro_vector_cb
                0x00100560       0x60 ./src/main.o
                0x00100560                gyro_vector_cb
 .text.BME680_Callback
                0x001005c0       0x14 ./src/main.o
                0x001005c0                BME680_Callback
 .text.startup.main
                0x001005d4      0x2a0 ./src/main.o
                0x001005d4                main
 .text.is_input_used
                0x00100874       0x18 ./src/neuton.o
 .text.neuton_model_task_type
                0x0010088c        0x4 ./src/neuton.o
                0x0010088c                neuton_model_task_type
 .text.neuton_model_outputs_count
                0x00100890        0x4 ./src/neuton.o
                0x00100890                neuton_model_outputs_count
 .text.neuton_model_inputs_count
                0x00100894        0x4 ./src/neuton.o
                0x00100894                neuton_model_inputs_count
 .text.neuton_model_window_size
                0x00100898        0x4 ./src/neuton.o
                0x00100898                neuton_model_window_size
 .text.neuton_model_ram_usage
                0x0010089c        0x6 ./src/neuton.o
                0x0010089c                neuton_model_ram_usage
 .text.neuton_model_size
                0x001008a2        0x6 ./src/neuton.o
                0x001008a2                neuton_model_size
 .text.neuton_model_set_inputs
                0x001008a8       0x4c ./src/neuton.o
                0x001008a8                neuton_model_set_inputs
 .text.neuton_model_run_inference
                0x001008f4      0x308 ./src/neuton.o
                0x001008f4                neuton_model_run_inference
 .text.neuton_preprocessing_block_normalize
                0x00100bfc       0x6e ./src/normalize.o
                0x00100bfc                neuton_preprocessing_block_normalize
 .text._write_r
                0x00100c6a       0x12 ./RTE/Utility/SEGGER_RTT_Syscalls_GCC.o
                0x00100c6a                _write_r
 .text.BDK_InitializeFreq
                0x00100c7c       0x18 ./RTE/Device/RSL10/BDK.o
                0x00100c7c                BDK_InitializeFreq
 .text.BDK_Schedule
                0x00100c94       0x1c ./RTE/Device/RSL10/BDK.o
                0x00100c94                BDK_Schedule
 .text._read    0x00100cb0        0x6 ./RTE/Device/RSL10/BDK.o
                0x00100cb0                _read
 .text.BDK_DefaultMsgHandler
                0x00100cb6        0x4 ./RTE/Device/RSL10/BDK_Task.o
 .text.BDK_TimerMsgHandler
                0x00100cba        0xe ./RTE/Device/RSL10/BDK_Task.o
 .text.BDK_TaskAddMsgHandler
                0x00100cc8       0x44 ./RTE/Device/RSL10/BDK_Task.o
                0x00100cc8                BDK_TaskAddMsgHandler
 .text.BDK_TaskInit
                0x00100d0c       0x58 ./RTE/Device/RSL10/BDK_Task.o
                0x00100d0c                BDK_TaskInit
 .text.BDK_TaskStart
                0x00100d64       0x34 ./RTE/Device/RSL10/BDK_Task.o
                0x00100d64                BDK_TaskStart
 .text.BDK_TaskSchedule
                0x00100d98       0x2c ./RTE/Device/RSL10/BDK_Task.o
                0x00100d98                BDK_TaskSchedule
 .text.HAL_Init
                0x00100dc4       0xf8 ./RTE/Device/RSL10/HAL.o
                0x00100dc4                HAL_Init
 .text.HAL_Time
                0x00100ebc        0xc ./RTE/Device/RSL10/HAL.o
                0x00100ebc                HAL_Time
 .text.HAL_IsInterrupt
                0x00100ec8       0x14 ./RTE/Device/RSL10/HAL.o
                0x00100ec8                HAL_IsInterrupt
 .text.HAL_Delay
                0x00100edc       0x34 ./RTE/Device/RSL10/HAL.o
                0x00100edc                HAL_Delay
 .text.TIMER0_IRQHandler
                0x00100f10       0x10 ./RTE/Device/RSL10/HAL.o
                0x00100f10                TIMER0_IRQHandler
 .text.HAL_I2C_WaitForTransfer
                0x00100f20       0x40 ./RTE/Device/RSL10/HAL_I2C.o
 .text.HAL_I2C_Init
                0x00100f60       0x78 ./RTE/Device/RSL10/HAL_I2C.o
                0x00100f60                HAL_I2C_Init
 .text.HAL_I2C_DeInit
                0x00100fd8       0x40 ./RTE/Device/RSL10/HAL_I2C.o
                0x00100fd8                HAL_I2C_DeInit
 .text.HAL_I2C_DriverCallback
                0x00101018       0x30 ./RTE/Device/RSL10/HAL_I2C.o
 .text.HAL_I2C_SetBusSpeed
                0x00101048       0x54 ./RTE/Device/RSL10/HAL_I2C.o
                0x00101048                HAL_I2C_SetBusSpeed
 .text.HAL_I2C_ReadAsync
                0x0010109c       0x5c ./RTE/Device/RSL10/HAL_I2C.o
                0x0010109c                HAL_I2C_ReadAsync
 .text.HAL_I2C_Read
                0x001010f8       0x50 ./RTE/Device/RSL10/HAL_I2C.o
                0x001010f8                HAL_I2C_Read
 .text.HAL_I2C_WriteAsync
                0x00101148       0x5c ./RTE/Device/RSL10/HAL_I2C.o
                0x00101148                HAL_I2C_WriteAsync
 .text.HAL_I2C_Write
                0x001011a4       0x50 ./RTE/Device/RSL10/HAL_I2C.o
                0x001011a4                HAL_I2C_Write
 .text.HAL_SetClockPrescalers
                0x001011f4       0x84 ./RTE/Device/RSL10/HAL_clock.o
                0x001011f4                HAL_SetClockPrescalers
 .text.HAL_Failed
                0x00101278       0x7c ./RTE/Device/RSL10/HAL_error.o
                0x00101278                HAL_Failed
 .text.Sys_GPIO_Set_High
                0x001012f4       0x1e ./RTE/Device/RSL10/I2C_RSLxx.o
 .text.Sys_GPIO_Set_Low
                0x00101312       0x1e ./RTE/Device/RSL10/I2C_RSLxx.o
 .text.I2Cx_GetVersion
                0x00101330       0x20 ./RTE/Device/RSL10/I2C_RSLxx.o
 .text.I2Cx_GetCapabilities
                0x00101350        0x4 ./RTE/Device/RSL10/I2C_RSLxx.o
 .text.I2C0_GetDataCount
                0x00101354        0xc ./RTE/Device/RSL10/I2C_RSLxx.o
 .text.I2C0_GetStatus
                0x00101360        0xc ./RTE/Device/RSL10/I2C_RSLxx.o
 .text.__NVIC_EnableIRQ
                0x0010136c       0x1c ./RTE/Device/RSL10/I2C_RSLxx.o
 .text.__NVIC_DisableIRQ
                0x00101388       0x28 ./RTE/Device/RSL10/I2C_RSLxx.o
 .text.__NVIC_ClearPendingIRQ
                0x001013b0       0x20 ./RTE/Device/RSL10/I2C_RSLxx.o
 .text.Sys_Delay_ProgramROM
                0x001013d0        0xe ./RTE/Device/RSL10/I2C_RSLxx.o
 *fill*         0x001013de        0x2 
 .text.I2C0_Control
                0x001013e0      0x218 ./RTE/Device/RSL10/I2C_RSLxx.o
 .text.I2C0_SlaveReceive
                0x001015f8       0x6c ./RTE/Device/RSL10/I2C_RSLxx.o
 .text.I2C0_SlaveTransmit
                0x00101664       0x6c ./RTE/Device/RSL10/I2C_RSLxx.o
 .text.I2C0_MasterReceive
                0x001016d0       0x88 ./RTE/Device/RSL10/I2C_RSLxx.o
 .text.I2C0_MasterTransmit
                0x00101758       0x84 ./RTE/Device/RSL10/I2C_RSLxx.o
 .text.I2C0_PowerControl
                0x001017dc       0x74 ./RTE/Device/RSL10/I2C_RSLxx.o
 .text.I2C0_Uninitialize
                0x00101850       0x20 ./RTE/Device/RSL10/I2C_RSLxx.o
 .text.I2C0_Initialize
                0x00101870       0x38 ./RTE/Device/RSL10/I2C_RSLxx.o
 .text.I2C_IRQHandler
                0x001018a8      0x1a0 ./RTE/Device/RSL10/I2C_RSLxx.o
                0x001018a8                I2C_IRQHandler
 .text.SPI_TransferCompleted.constprop.0
                0x00101a48       0x30 ./RTE/Device/RSL10/SPI_RSLxx.o
 .text.SPI_PrepareNextTXData.constprop.0
                0x00101a78       0x40 ./RTE/Device/RSL10/SPI_RSLxx.o
 .text.SPI0_TX_IRQHandler
                0x00101ab8       0x70 ./RTE/Device/RSL10/SPI_RSLxx.o
                0x00101ab8                SPI0_TX_IRQHandler
 .text.SPI0_RX_IRQHandler
                0x00101b28       0x98 ./RTE/Device/RSL10/SPI_RSLxx.o
                0x00101b28                SPI0_RX_IRQHandler
 .text.SwTimer_GetTime
                0x00101bc0        0xc ./RTE/Device/RSL10/SoftwareTimer.o
 .text.__NVIC_DisableIRQ.part.0.constprop.0
                0x00101bcc       0x18 ./RTE/Device/RSL10/SoftwareTimer.o
 .text.SwTimer_CTX_Initialize
                0x00101be4       0xa0 ./RTE/Device/RSL10/SoftwareTimer.o
                0x00101be4                SwTimer_CTX_Initialize
 .text.SwTimer_CTX_Pause
                0x00101c84       0x24 ./RTE/Device/RSL10/SoftwareTimer.o
                0x00101c84                SwTimer_CTX_Pause
 .text.SwTimer_Initialize
                0x00101ca8       0x44 ./RTE/Device/RSL10/SoftwareTimer.o
                0x00101ca8                SwTimer_Initialize
 .text.SwTimer_Remove
                0x00101cec       0x34 ./RTE/Device/RSL10/SoftwareTimer.o
                0x00101cec                SwTimer_Remove
 .text.SwTimer_AttachInt
                0x00101d20       0x28 ./RTE/Device/RSL10/SoftwareTimer.o
                0x00101d20                SwTimer_AttachInt
 .text.SwTimer_ExpireInMs
                0x00101d48       0x28 ./RTE/Device/RSL10/SoftwareTimer.o
                0x00101d48                SwTimer_ExpireInMs
 .text.SwTimer_Advance
                0x00101d70       0x28 ./RTE/Device/RSL10/SoftwareTimer.o
                0x00101d70                SwTimer_Advance
 .text.SwTimer_Start
                0x00101d98       0x20 ./RTE/Device/RSL10/SoftwareTimer.o
                0x00101d98                SwTimer_Start
 .text.SwTimer_Stop
                0x00101db8       0x28 ./RTE/Device/RSL10/SoftwareTimer.o
                0x00101db8                SwTimer_Stop
 .text.SwTimer_GetElapsed
                0x00101de0        0x4 ./RTE/Device/RSL10/SoftwareTimer.o
                0x00101de0                SwTimer_GetElapsed
 .text.TIMER1_IRQHandler
                0x00101de4       0x54 ./RTE/Device/RSL10/SoftwareTimer.o
                0x00101de4                TIMER1_IRQHandler
 .text.__NVIC_DisableIRQ
                0x00101e38       0x28 ./RTE/Device/RSL10/USART_RSLxx.o
 .text.UART_TX_IRQHandler
                0x00101e60       0x44 ./RTE/Device/RSL10/USART_RSLxx.o
                0x00101e60                UART_TX_IRQHandler
 .text.UART_RX_IRQHandler
                0x00101ea4       0x4c ./RTE/Device/RSL10/USART_RSLxx.o
                0x00101ea4                UART_RX_IRQHandler
 .text.Sys_DMA_ChannelConfig
                0x00101ef0       0x2e ./RTE/Device/RSL10/rsl10_sys_dma.o
                0x00101ef0                Sys_DMA_ChannelConfig
 *fill*         0x00101f1e        0x2 
 .text.Sys_Timers_Start
                0x00101f20       0x54 ./RTE/Device/RSL10/rsl10_sys_timers.o
                0x00101f20                Sys_Timers_Start
 .text.Sys_Timers_Stop
                0x00101f74       0x38 ./RTE/Device/RSL10/rsl10_sys_timers.o
                0x00101f74                Sys_Timers_Stop
 .text._sbrk    0x00101fac       0x54 ./RTE/Device/RSL10/sbrk.o
                0x00101fac                _sbrk
 .text._start   0x00102000      0x1c0 ./RTE/Device/RSL10/start.o
                0x00102000                _start
 .text          0x001021c0       0x14 ./RTE/Device/RSL10/startup_rsl10.o
                0x001021c0                NMI_Handler
                0x001021c2                HardFault_Handler
                0x001021c4                MemManage_Handler
                0x001021c6                BusFault_Handler
                0x001021c8                UsageFault_Handler
                0x001021ca                SVC_Handler
                0x001021cc                DebugMon_Handler
                0x001021ce                PendSV_Handler
                0x001021d0                SysTick_Handler
                0x001021d2                UART_ERROR_IRQHandler
                0x001021d2                DSP7_IRQHandler
                0x001021d2                BLE_COEX_RX_TX_IRQHandler
                0x001021d2                DMA2_IRQHandler
                0x001021d2                DSP2_IRQHandler
                0x001021d2                MEMORY_ERROR_IRQHandler
                0x001021d2                TIMER3_IRQHandler
                0x001021d2                WATCHDOG_IRQHandler
                0x001021d2                DIO1_IRQHandler
                0x001021d2                DIO3_IRQHandler
                0x001021d2                DSP3_IRQHandler
                0x001021d2                FLASH_COPY_IRQHandler
                0x001021d2                RF_TXFIFO_IRQHandler
                0x001021d2                RTC_ALARM_IRQHandler
                0x001021d2                SPI0_ERROR_IRQHandler
                0x001021d2                ASRC_IN_IRQHandler
                0x001021d2                DIO0_IRQHandler
                0x001021d2                DMA5_IRQHandler
                0x001021d2                SPI1_ERROR_IRQHandler
                0x001021d2                DMIC_OD_ERROR_IRQHandler
                0x001021d2                PCM_TX_IRQHandler
                0x001021d2                DSP0_IRQHandler
                0x001021d2                Default_Handler
                0x001021d2                DMIC_OUT_OD_IN_IRQHandler
                0x001021d2                ADC_BATMON_IRQHandler
                0x001021d2                DMA7_IRQHandler
                0x001021d2                PCM_RX_IRQHandler
                0x001021d2                RF_TX_IRQHandler
                0x001021d2                ASRC_ERROR_IRQHandler
                0x001021d2                RF_RXSTOP_IRQHandler
                0x001021d2                DSP1_IRQHandler
                0x001021d2                AUDIOSINK_PHASE_IRQHandler
                0x001021d2                WAKEUP_IRQHandler
                0x001021d2                RF_SYNC_IRQHandler
                0x001021d2                SPI1_RX_IRQHandler
                0x001021d2                CLKDET_IRQHandler
                0x001021d2                DSP6_IRQHandler
                0x001021d2                TIMER2_IRQHandler
                0x001021d2                AUDIOSINK_PERIOD_IRQHandler
                0x001021d2                BLE_COEX_IN_PROCESS_IRQHandler
                0x001021d2                DMA3_IRQHandler
                0x001021d2                RTC_CLOCK_IRQHandler
                0x001021d2                DMA0_IRQHandler
                0x001021d2                ASRC_OUT_IRQHandler
                0x001021d2                PCM_ERROR_IRQHandler
                0x001021d2                DSP5_IRQHandler
                0x001021d2                DMA4_IRQHandler
                0x001021d2                FLASH_ECC_IRQHandler
                0x001021d2                SPI1_TX_IRQHandler
                0x001021d2                RF_IRQ_RECEIVED_IRQHandler
                0x001021d2                DSP4_IRQHandler
                0x001021d2                DMA6_IRQHandler
                0x001021d2                RF_RXFIFO_IRQHandler
                0x001021d2                DMA1_IRQHandler
 .text._tm_mask_lt
                0x001021d4       0x14 ./RTE/Device/RSL10/stimer.o
 .text._tm_mask_eq
                0x001021e8        0xc ./RTE/Device/RSL10/stimer.o
 .text._tm_mask_diff
                0x001021f4       0x20 ./RTE/Device/RSL10/stimer.o
 .text._tm_mask_offset
                0x00102214        0x6 ./RTE/Device/RSL10/stimer.o
 .text._tm_nm_lt
                0x0010221a       0x26 ./RTE/Device/RSL10/stimer.o
 .text._tm_nm_eq
                0x00102240       0x28 ./RTE/Device/RSL10/stimer.o
 .text.unlink_timer
                0x00102268       0x28 ./RTE/Device/RSL10/stimer.o
 .text.start_and_checkpoint_timer
                0x00102290       0x1a ./RTE/Device/RSL10/stimer.o
 .text._tm_nm_diff
                0x001022aa       0x2c ./RTE/Device/RSL10/stimer.o
 .text._tm_nm_offset
                0x001022d6       0x20 ./RTE/Device/RSL10/stimer.o
 *fill*         0x001022f6        0x2 
 .text.tm_initialize
                0x001022f8       0x5c ./RTE/Device/RSL10/stimer.o
 .text.checkpoint_timer.part.0
                0x00102354       0x3c ./RTE/Device/RSL10/stimer.o
 .text.checkpoint_timer_2
                0x00102390       0x24 ./RTE/Device/RSL10/stimer.o
 .text.stimer_init_context
                0x001023b4       0x20 ./RTE/Device/RSL10/stimer.o
                0x001023b4                stimer_init_context
 .text.stimer_init
                0x001023d4       0x1c ./RTE/Device/RSL10/stimer.o
                0x001023d4                stimer_init
 .text.stimer_remove
                0x001023f0        0x8 ./RTE/Device/RSL10/stimer.o
                0x001023f0                stimer_remove
 .text.stimer_start
                0x001023f8        0xc ./RTE/Device/RSL10/stimer.o
                0x001023f8                stimer_start
 .text.stimer_stop
                0x00102404       0x18 ./RTE/Device/RSL10/stimer.o
                0x00102404                stimer_stop
 .text.stimer_get_elapsed_time
                0x0010241c       0x1c ./RTE/Device/RSL10/stimer.o
                0x0010241c                stimer_get_elapsed_time
 .text.stimer_expire_from_now_ms
                0x00102438       0x2c ./RTE/Device/RSL10/stimer.o
                0x00102438                stimer_expire_from_now_ms
 .text.stimer_is_expired
                0x00102464       0x2e ./RTE/Device/RSL10/stimer.o
                0x00102464                stimer_is_expired
 *fill*         0x00102492        0x2 
 .text.stimer_advance
                0x00102494       0x50 ./RTE/Device/RSL10/stimer.o
                0x00102494                stimer_advance
 .text.System_GetTargetForTrim
                0x001024e4       0x36 ./RTE/Device/RSL10/system_rsl10.o
                0x001024e4                System_GetTargetForTrim
 *fill*         0x0010251a        0x2 
 .text.SystemInit
                0x0010251c       0x24 ./RTE/Device/RSL10/system_rsl10.o
                0x0010251c                SystemInit
 .text.SystemCoreClockUpdate
                0x00102540      0x164 ./RTE/Device/RSL10/system_rsl10.o
                0x00102540                SystemCoreClockUpdate
 .text.bhy_init
                0x001026a4       0x2c ./RTE/Components/bhy.o
                0x001026a4                bhy_init
 .text.bhy_write_reg
                0x001026d0       0x24 ./RTE/Components/bhy.o
                0x001026d0                bhy_write_reg
 .text.bhy_read_reg
                0x001026f4       0x24 ./RTE/Components/bhy.o
                0x001026f4                bhy_read_reg
 .text.bhy_set_fifo_flush
                0x00102718       0x3c ./RTE/Components/bhy.o
                0x00102718                bhy_set_fifo_flush
 .text.bhy_read_bytes_remaining
                0x00102754       0x2c ./RTE/Components/bhy.o
                0x00102754                bhy_read_bytes_remaining
 .text.bhy_get_parameter_acknowledge
                0x00102780       0x2c ./RTE/Components/bhy.o
                0x00102780                bhy_get_parameter_acknowledge
 .text.bhy_set_parameter_page_select
                0x001027ac       0x24 ./RTE/Components/bhy.o
                0x001027ac                bhy_set_parameter_page_select
 .text.bhy_set_parameter_request
                0x001027d0       0x24 ./RTE/Components/bhy.o
                0x001027d0                bhy_set_parameter_request
 .text.bhy_get_rom_version
                0x001027f4       0x2c ./RTE/Components/bhy.o
                0x001027f4                bhy_get_rom_version
 .text.bhy_get_product_id
                0x00102820       0x2c ./RTE/Components/bhy.o
                0x00102820                bhy_get_product_id
 .text.bhy_get_crc_host
                0x0010284c       0x28 ./RTE/Components/bhy.o
                0x0010284c                bhy_get_crc_host
 .text.bhy_set_reset_request
                0x00102874       0x24 ./RTE/Components/bhy.o
                0x00102874                bhy_set_reset_request
 .text.bhy_initialize_from_rom
                0x00102898      0x160 ./RTE/Components/bhy.o
                0x00102898                bhy_initialize_from_rom
 .text.bhy_read_parameter_bytes
                0x001029f8       0xc8 ./RTE/Components/bhy.o
                0x001029f8                bhy_read_parameter_bytes
 .text.bhy_get_physical_sensor_status
                0x00102ac0       0x40 ./RTE/Components/bhy.o
                0x00102ac0                bhy_get_physical_sensor_status
 .text.bhy_write_parameter_bytes
                0x00102b00       0xb8 ./RTE/Components/bhy.o
                0x00102b00                bhy_write_parameter_bytes
 .text.bhy_set_non_wakeup_sensor_configuration
                0x00102bb8       0x2c ./RTE/Components/bhy.o
                0x00102bb8                bhy_set_non_wakeup_sensor_configuration
 .text.bhy_set_wakeup_sensor_configuration
                0x00102be4       0x2c ./RTE/Components/bhy.o
                0x00102be4                bhy_set_wakeup_sensor_configuration
 .text.bhy_driver_init
                0x00102c10       0x30 ./RTE/Components/bhy_uc_driver.o
                0x00102c10                bhy_driver_init
 .text.bhy_enable_virtual_sensor
                0x00102c40       0x80 ./RTE/Components/bhy_uc_driver.o
                0x00102c40                bhy_enable_virtual_sensor
 .text.bhy_read_fifo
                0x00102cc0       0xa4 ./RTE/Components/bhy_uc_driver.o
                0x00102cc0                bhy_read_fifo
 .text.bhy_parse_next_fifo_packet
                0x00102d64      0x3e8 ./RTE/Components/bhy_uc_driver.o
                0x00102d64                bhy_parse_next_fifo_packet
 .text.bhy_update_system_timestamp
                0x0010314c       0x4c ./RTE/Components/bhy_uc_driver.o
                0x0010314c                bhy_update_system_timestamp
 .text.bhy_write_parameter_page
                0x00103198       0xaa ./RTE/Components/bhy_uc_driver.o
                0x00103198                bhy_write_parameter_page
 *fill*         0x00103242        0x2 
 .text.bhy_mapping_matrix_set
                0x00103244       0x78 ./RTE/Components/bhy_uc_driver.o
                0x00103244                bhy_mapping_matrix_set
 .text.bhy_print_debug_packet
                0x001032bc       0x70 ./RTE/Components/bhy_uc_driver.o
                0x001032bc                bhy_print_debug_packet
 .text.bhy_install_sensor_callback
                0x0010332c       0x2c ./RTE/Components/bhy_uc_driver.o
                0x0010332c                bhy_install_sensor_callback
 .text.bhy_install_timestamp_callback
                0x00103358       0x28 ./RTE/Components/bhy_uc_driver.o
                0x00103358                bhy_install_timestamp_callback
 .text.bhy_install_meta_event_callback
                0x00103380       0x20 ./RTE/Components/bhy_uc_driver.o
                0x00103380                bhy_install_meta_event_callback
 .text.null_ptr_check
                0x001033a0       0x1c ./RTE/Components/bme680.o
 .text.set_mem_page
                0x001033bc       0x68 ./RTE/Components/bme680.o
 .text.get_mem_page
                0x00103424       0x32 ./RTE/Components/bme680.o
 .text.boundary_check.constprop.0
                0x00103456       0x1c ./RTE/Components/bme680.o
 .text.bme680_get_regs
                0x00103472       0x48 ./RTE/Components/bme680.o
                0x00103472                bme680_get_regs
 .text.bme680_set_regs
                0x001034ba       0x98 ./RTE/Components/bme680.o
                0x001034ba                bme680_set_regs
 .text.bme680_soft_reset
                0x00103552       0x5a ./RTE/Components/bme680.o
                0x00103552                bme680_soft_reset
 .text.bme680_init
                0x001035ac      0x17c ./RTE/Components/bme680.o
                0x001035ac                bme680_init
 .text.bme680_set_sensor_mode
                0x00103728       0x7e ./RTE/Components/bme680.o
                0x00103728                bme680_set_sensor_mode
 .text.bme680_set_sensor_settings
                0x001037a6      0x2e2 ./RTE/Components/bme680.o
                0x001037a6                bme680_set_sensor_settings
 .text.bme680_get_profile_dur
                0x00103a88       0x68 ./RTE/Components/bme680.o
                0x00103a88                bme680_get_profile_dur
 .text.bme680_get_sensor_data
                0x00103af0      0x354 ./RTE/Components/bme680.o
                0x00103af0                bme680_get_sensor_data
 .text.BHI160_NDOF_FifoRoutine
                0x00103e44       0xa8 ./RTE/Board_Support/BHI160_NDOF.o
 .text.BHI160_NDOF_TimestampCallback
                0x00103eec        0xc ./RTE/Board_Support/BHI160_NDOF.o
 .text.BHI160_NDOF_DynamicRangeCallback
                0x00103ef8       0x50 ./RTE/Board_Support/BHI160_NDOF.o
 .text.DIO2_IRQHandler
                0x00103f48        0xc ./RTE/Board_Support/BHI160_NDOF.o
                0x00103f48                DIO2_IRQHandler
 .text.BHI160_NDOF_Initialize
                0x00103f54       0xc8 ./RTE/Board_Support/BHI160_NDOF.o
                0x00103f54                BHI160_NDOF_Initialize
 .text.BHI160_NDOF_EnableSensor
                0x0010401c       0x28 ./RTE/Board_Support/BHI160_NDOF.o
                0x0010401c                BHI160_NDOF_EnableSensor
 .text.BHI160_NDOF_GetAccelDynamicRange
                0x00104044        0xc ./RTE/Board_Support/BHI160_NDOF.o
                0x00104044                BHI160_NDOF_GetAccelDynamicRange
 .text.BHI160_NDOF_GetGyroDynamicRange
                0x00104050        0xc ./RTE/Board_Support/BHI160_NDOF.o
                0x00104050                BHI160_NDOF_GetGyroDynamicRange
 .text.ENV_I2C_Write
                0x0010405c       0x46 ./RTE/Board_Support/BME680_ENV.o
 .text.ENV_I2C_Read
                0x001040a2       0x30 ./RTE/Board_Support/BME680_ENV.o
 *fill*         0x001040d2        0x2 
 .text.ENV_EventMeasure
                0x001040d4       0x1c ./RTE/Board_Support/BME680_ENV.o
 .text.ENV_EventRead
                0x001040f0       0x1c ./RTE/Board_Support/BME680_ENV.o
 .text.ENV_TaskRead
                0x0010410c       0x38 ./RTE/Board_Support/BME680_ENV.o
 .text.ENV_TaskMeasure
                0x00104144       0x40 ./RTE/Board_Support/BME680_ENV.o
 .text.BME680_ENV_Initialize
                0x00104184       0x70 ./RTE/Board_Support/BME680_ENV.o
                0x00104184                BME680_ENV_Initialize
 .text.BME680_ENV_StartPeriodic
                0x001041f4       0x4c ./RTE/Board_Support/BME680_ENV.o
                0x001041f4                BME680_ENV_StartPeriodic
 .text.sensor_i2c_read
                0x00104240       0x30 ./RTE/Board_Support/bhy_support.o
 .text.sensor_i2c_write
                0x00104270       0x46 ./RTE/Board_Support/bhy_support.o
 .text.bhy_delay_msec
                0x001042b6        0x4 ./RTE/Board_Support/bhy_support.o
                0x001042b6                bhy_delay_msec
 *fill*         0x001042ba        0x2 
 .text.bhy_initialize_support
                0x001042bc       0x58 ./RTE/Board_Support/bhy_support.o
                0x001042bc                bhy_initialize_support
 .text.bhy_printf
                0x00104314        0xc ./RTE/Board_Support/bhy_support.o
                0x00104314                bhy_printf
 .text.LED_Initialize
                0x00104320       0x10 ./RTE/Board_Support/led_api.o
                0x00104320                LED_Initialize
 .text.LED_On   0x00104330       0x1e ./RTE/Board_Support/led_api.o
                0x00104330                LED_On
 .text.LED_Off  0x0010434e       0x1e ./RTE/Board_Support/led_api.o
                0x0010434e                LED_Off
 .text.rwip_prevent_sleep_set
                0x0010436c       0x1c C:/Users/vilak/AppData/Local/Arm/Packs/ONSemiconductor/RSL10/3.6.465/lib/ble_core/Release/libblelib.a(rwip.o)
                0x0010436c                rwip_prevent_sleep_set
 .text.rwip_wakeup
                0x00104388       0x10 C:/Users/vilak/AppData/Local/Arm/Packs/ONSemiconductor/RSL10/3.6.465/lib/ble_core/Release/libblelib.a(rwip.o)
                0x00104388                rwip_wakeup
 .text.rwip_prevent_sleep_clear
                0x00104398       0x20 C:/Users/vilak/AppData/Local/Arm/Packs/ONSemiconductor/RSL10/3.6.465/lib/ble_core/Release/libblelib.a(rwip.o)
                0x00104398                rwip_prevent_sleep_clear
 .text.rwip_wakeup_end
                0x001043b8       0x24 C:/Users/vilak/AppData/Local/Arm/Packs/ONSemiconductor/RSL10/3.6.465/lib/ble_core/Release/libblelib.a(rwip.o)
                0x001043b8                rwip_wakeup_end
 .text.rwip_sleep_lpcycles_2_us
                0x001043dc       0x54 C:/Users/vilak/AppData/Local/Arm/Packs/ONSemiconductor/RSL10/3.6.465/lib/ble_core/Release/libblelib.a(rwip.o)
                0x001043dc                rwip_sleep_lpcycles_2_us
 .text.hci_send_2_host
                0x00104430       0xf0 C:/Users/vilak/AppData/Local/Arm/Packs/ONSemiconductor/RSL10/3.6.465/lib/ble_core/Release/libblelib.a(hci.o)
                0x00104430                hci_send_2_host
 .text.hci_look_for_cmd_desc
                0x00104520       0x6c C:/Users/vilak/AppData/Local/Arm/Packs/ONSemiconductor/RSL10/3.6.465/lib/ble_core/Release/libblelib.a(hci_msg.o)
                0x00104520                hci_look_for_cmd_desc
 .text.hci_look_for_evt_desc
                0x0010458c       0x20 C:/Users/vilak/AppData/Local/Arm/Packs/ONSemiconductor/RSL10/3.6.465/lib/ble_core/Release/libblelib.a(hci_msg.o)
                0x0010458c                hci_look_for_evt_desc
 .text.hci_look_for_le_evt_desc
                0x001045ac       0x20 C:/Users/vilak/AppData/Local/Arm/Packs/ONSemiconductor/RSL10/3.6.465/lib/ble_core/Release/libblelib.a(hci_msg.o)
                0x001045ac                hci_look_for_le_evt_desc
 .text.ea_conflict_check
                0x001045cc       0xa4 C:/Users/vilak/AppData/Local/Arm/Packs/ONSemiconductor/RSL10/3.6.465/lib/ble_core/Release/libblelib.a(ea.o)
 .text.ea_elt_cancel
                0x00104670      0x114 C:/Users/vilak/AppData/Local/Arm/Packs/ONSemiconductor/RSL10/3.6.465/lib/ble_core/Release/libblelib.a(ea.o)
                0x00104670                ea_elt_cancel
 .text.ea_elt_create
                0x00104784       0x1e C:/Users/vilak/AppData/Local/Arm/Packs/ONSemiconductor/RSL10/3.6.465/lib/ble_core/Release/libblelib.a(ea.o)
                0x00104784                ea_elt_create
 *fill*         0x001047a2        0x2 
 .text.ea_sw_isr
                0x001047a4       0x24 C:/Users/vilak/AppData/Local/Arm/Packs/ONSemiconductor/RSL10/3.6.465/lib/ble_core/Release/libblelib.a(ea.o)
                0x001047a4                ea_sw_isr
 .text.ea_offset_req
                0x001047c8      0x190 C:/Users/vilak/AppData/Local/Arm/Packs/ONSemiconductor/RSL10/3.6.465/lib/ble_core/Release/libblelib.a(ea.o)
                0x001047c8                ea_offset_req
 .text.ea_time_get_slot_rounded
                0x00104958       0x2c C:/Users/vilak/AppData/Local/Arm/Packs/ONSemiconductor/RSL10/3.6.465/lib/ble_core/Release/libblelib.a(ea.o)
                0x00104958                ea_time_get_slot_rounded
 .text.ea_prog_timer
                0x00104984      0x110 C:/Users/vilak/AppData/Local/Arm/Packs/ONSemiconductor/RSL10/3.6.465/lib/ble_core/Release/libblelib.a(ea.o)
 .text.ea_elt_insert
                0x00104a94      0x208 C:/Users/vilak/AppData/Local/Arm/Packs/ONSemiconductor/RSL10/3.6.465/lib/ble_core/Release/libblelib.a(ea.o)
                0x00104a94                ea_elt_insert
 .text.ea_elt_remove
                0x00104c9c       0x60 C:/Users/vilak/AppData/Local/Arm/Packs/ONSemiconductor/RSL10/3.6.465/lib/ble_core/Release/libblelib.a(ea.o)
                0x00104c9c                ea_elt_remove
 .text.ea_finetimer_isr
                0x00104cfc       0xc4 C:/Users/vilak/AppData/Local/Arm/Packs/ONSemiconductor/RSL10/3.6.465/lib/ble_core/Release/libblelib.a(ea.o)
                0x00104cfc                ea_finetimer_isr
 .text.ea_interval_duration_req
                0x00104dc0       0x9c C:/Users/vilak/AppData/Local/Arm/Packs/ONSemiconductor/RSL10/3.6.465/lib/ble_core/Release/libblelib.a(ea.o)
                0x00104dc0                ea_interval_duration_req
 .text.rwble_recovery
                0x00104e5c      0x130 C:/Users/vilak/AppData/Local/Arm/Packs/ONSemiconductor/RSL10/3.6.465/lib/ble_core/Release/libblelib.a(rwble.o)
                0x00104e5c                rwble_recovery
 .text.rwble_isr
                0x00104f8c       0xf8 C:/Users/vilak/AppData/Local/Arm/Packs/ONSemiconductor/RSL10/3.6.465/lib/ble_core/Release/libblelib.a(rwble.o)
                0x00104f8c                BLE_CSCNT_IRQHandler
                0x00104f8c                BLE_SW_IRQHandler
                0x00104f8c                BLE_AUDIO0_IRQHandler
                0x00104f8c                BLE_SLP_IRQHandler
                0x00104f8c                BLE_RX_IRQHandler
                0x00104f8c                rwble_isr
                0x00104f8c                BLE_AUDIO2_IRQHandler
                0x00104f8c                BLE_AUDIO1_IRQHandler
                0x00104f8c                BLE_ERROR_IRQHandler
                0x00104f8c                BLE_EVENT_IRQHandler
                0x00104f8c                BLE_CRYPT_IRQHandler
                0x00104f8c                BLE_FINETGTIM_IRQHandler
 .text.llm_util_check_map_validity
                0x00105084       0x48 C:/Users/vilak/AppData/Local/Arm/Packs/ONSemiconductor/RSL10/3.6.465/lib/ble_core/Release/libblelib.a(llm_util.o)
                0x00105084                llm_util_check_map_validity
 .text.llm_util_check_evt_mask
                0x001050cc       0x1c C:/Users/vilak/AppData/Local/Arm/Packs/ONSemiconductor/RSL10/3.6.465/lib/ble_core/Release/libblelib.a(llm_util.o)
                0x001050cc                llm_util_check_evt_mask
 .text.llm_util_get_supp_features
                0x001050e8       0x10 C:/Users/vilak/AppData/Local/Arm/Packs/ONSemiconductor/RSL10/3.6.465/lib/ble_core/Release/libblelib.a(llm_util.o)
                0x001050e8                llm_util_get_supp_features
 .text.llm_util_get_default_phy
                0x001050f8       0x2c C:/Users/vilak/AppData/Local/Arm/Packs/ONSemiconductor/RSL10/3.6.465/lib/ble_core/Release/libblelib.a(llm_util.o)
                0x001050f8                llm_util_get_default_phy
 .text.lld_con_param_rsp
                0x00105124      0x110 C:/Users/vilak/AppData/Local/Arm/Packs/ONSemiconductor/RSL10/3.6.465/lib/ble_core/Release/libblelib.a(lld.o)
                0x00105124                lld_con_param_rsp
 .text.lld_con_stop
                0x00105234        0x8 C:/Users/vilak/AppData/Local/Arm/Packs/ONSemiconductor/RSL10/3.6.465/lib/ble_core/Release/libblelib.a(lld.o)
                0x00105234                lld_con_stop
 .text.lld_get_mode
                0x0010523c       0x28 C:/Users/vilak/AppData/Local/Arm/Packs/ONSemiconductor/RSL10/3.6.465/lib/ble_core/Release/libblelib.a(lld.o)
                0x0010523c                lld_get_mode
 .text.lld_ch_map_ind
                0x00105264       0x46 C:/Users/vilak/AppData/Local/Arm/Packs/ONSemiconductor/RSL10/3.6.465/lib/ble_core/Release/libblelib.a(lld.o)
                0x00105264                lld_ch_map_ind
 .text.lld_con_update_ind
                0x001052aa        0xa C:/Users/vilak/AppData/Local/Arm/Packs/ONSemiconductor/RSL10/3.6.465/lib/ble_core/Release/libblelib.a(lld.o)
                0x001052aa                lld_con_update_ind
 .text.lld_crypt_isr
                0x001052b4        0x6 C:/Users/vilak/AppData/Local/Arm/Packs/ONSemiconductor/RSL10/3.6.465/lib/ble_core/Release/libblelib.a(lld.o)
                0x001052b4                lld_crypt_isr
 *fill*         0x001052ba        0x2 
 .text.lld_evt_winsize_change
                0x001052bc       0xbc C:/Users/vilak/AppData/Local/Arm/Packs/ONSemiconductor/RSL10/3.6.465/lib/ble_core/Release/libblelib.a(lld_evt.o)
 .text.lld_evt_slave_time_compute
                0x00105378       0xf8 C:/Users/vilak/AppData/Local/Arm/Packs/ONSemiconductor/RSL10/3.6.465/lib/ble_core/Release/libblelib.a(lld_evt.o)
 .text.lld_evt_elt_wait_insert
                0x00105470       0x20 C:/Users/vilak/AppData/Local/Arm/Packs/ONSemiconductor/RSL10/3.6.465/lib/ble_core/Release/libblelib.a(lld_evt.o)
 .text.lld_evt_deferred_elt_push
                0x00105490       0x34 C:/Users/vilak/AppData/Local/Arm/Packs/ONSemiconductor/RSL10/3.6.465/lib/ble_core/Release/libblelib.a(lld_evt.o)
 .text.lld_evt_get_next_free_slot
                0x001054c4       0x3c C:/Users/vilak/AppData/Local/Arm/Packs/ONSemiconductor/RSL10/3.6.465/lib/ble_core/Release/libblelib.a(lld_evt.o)
 .text.lld_evt_elt_wait_get
                0x00105500       0x34 C:/Users/vilak/AppData/Local/Arm/Packs/ONSemiconductor/RSL10/3.6.465/lib/ble_core/Release/libblelib.a(lld_evt.o)
 .text.lld_evt_delete_elt_push
                0x00105534       0x4c C:/Users/vilak/AppData/Local/Arm/Packs/ONSemiconductor/RSL10/3.6.465/lib/ble_core/Release/libblelib.a(lld_evt.o)
                0x00105534                lld_evt_delete_elt_push
 .text.lld_evt_channel_next
                0x00105580       0x3c C:/Users/vilak/AppData/Local/Arm/Packs/ONSemiconductor/RSL10/3.6.465/lib/ble_core/Release/libblelib.a(lld_evt.o)
                0x00105580                lld_evt_channel_next
 .text.lld_evt_init_evt
                0x001055bc       0x58 C:/Users/vilak/AppData/Local/Arm/Packs/ONSemiconductor/RSL10/3.6.465/lib/ble_core/Release/libblelib.a(lld_evt.o)
                0x001055bc                lld_evt_init_evt
 .text.lld_evt_drift_compute
                0x00105614       0x38 C:/Users/vilak/AppData/Local/Arm/Packs/ONSemiconductor/RSL10/3.6.465/lib/ble_core/Release/libblelib.a(lld_evt.o)
                0x00105614                lld_evt_drift_compute
 .text.lld_evt_rxwin_compute
                0x0010564c       0x4c C:/Users/vilak/AppData/Local/Arm/Packs/ONSemiconductor/RSL10/3.6.465/lib/ble_core/Release/libblelib.a(lld_evt.o)
 .text.lld_evt_restart
                0x00105698      0x83c C:/Users/vilak/AppData/Local/Arm/Packs/ONSemiconductor/RSL10/3.6.465/lib/ble_core/Release/libblelib.a(lld_evt.o)
                0x00105698                lld_evt_restart
 .text.lld_evt_elt_insert
                0x00105ed4       0x88 C:/Users/vilak/AppData/Local/Arm/Packs/ONSemiconductor/RSL10/3.6.465/lib/ble_core/Release/libblelib.a(lld_evt.o)
                0x00105ed4                lld_evt_elt_insert
 .text.lld_evt_schedule_next
                0x00105f5c      0x1ac C:/Users/vilak/AppData/Local/Arm/Packs/ONSemiconductor/RSL10/3.6.465/lib/ble_core/Release/libblelib.a(lld_evt.o)
                0x00105f5c                lld_evt_schedule_next
 .text.lld_evt_slave_update
                0x00106108      0x158 C:/Users/vilak/AppData/Local/Arm/Packs/ONSemiconductor/RSL10/3.6.465/lib/ble_core/Release/libblelib.a(lld_evt.o)
                0x00106108                lld_evt_slave_update
 .text.lld_evt_end
                0x00106260      0x27c C:/Users/vilak/AppData/Local/Arm/Packs/ONSemiconductor/RSL10/3.6.465/lib/ble_core/Release/libblelib.a(lld_evt.o)
                0x00106260                lld_evt_end
 .text.lld_evt_rx
                0x001064dc       0x5c C:/Users/vilak/AppData/Local/Arm/Packs/ONSemiconductor/RSL10/3.6.465/lib/ble_core/Release/libblelib.a(lld_evt.o)
                0x001064dc                lld_evt_rx
 .text.lld_evt_end_isr
                0x00106538       0x4c C:/Users/vilak/AppData/Local/Arm/Packs/ONSemiconductor/RSL10/3.6.465/lib/ble_core/Release/libblelib.a(lld_evt.o)
                0x00106538                lld_evt_end_isr
 .text.lld_evt_rx_isr
                0x00106584       0x10 C:/Users/vilak/AppData/Local/Arm/Packs/ONSemiconductor/RSL10/3.6.465/lib/ble_core/Release/libblelib.a(lld_evt.o)
                0x00106584                lld_evt_rx_isr
 .text.lld_pdu_llcp_con_param_req_unpk
                0x00106594       0xcc C:/Users/vilak/AppData/Local/Arm/Packs/ONSemiconductor/RSL10/3.6.465/lib/ble_core/Release/libblelib.a(lld_pdu.o)
 .text.lld_pdu_llcp_con_param_rsp_unpk
                0x00106660       0xcc C:/Users/vilak/AppData/Local/Arm/Packs/ONSemiconductor/RSL10/3.6.465/lib/ble_core/Release/libblelib.a(lld_pdu.o)
 .text.lld_pdu_llcp_length_req_unpk
                0x0010672c       0x3e C:/Users/vilak/AppData/Local/Arm/Packs/ONSemiconductor/RSL10/3.6.465/lib/ble_core/Release/libblelib.a(lld_pdu.o)
 .text.lld_pdu_llcp_length_rsp_unpk
                0x0010676a       0x3e C:/Users/vilak/AppData/Local/Arm/Packs/ONSemiconductor/RSL10/3.6.465/lib/ble_core/Release/libblelib.a(lld_pdu.o)
 .text.lld_pdu_llcp_phy_upd_req_unpk
                0x001067a8       0x2e C:/Users/vilak/AppData/Local/Arm/Packs/ONSemiconductor/RSL10/3.6.465/lib/ble_core/Release/libblelib.a(lld_pdu.o)
 .text.lld_pdu_cntl_aligned_unpk
                0x001067d6       0x16 C:/Users/vilak/AppData/Local/Arm/Packs/ONSemiconductor/RSL10/3.6.465/lib/ble_core/Release/libblelib.a(lld_pdu.o)
 .text.lld_pdu_rx_handler
                0x001067ec      0x308 C:/Users/vilak/AppData/Local/Arm/Packs/ONSemiconductor/RSL10/3.6.465/lib/ble_core/Release/libblelib.a(lld_pdu.o)
                0x001067ec                lld_pdu_rx_handler
 .text.lld_sleep_wakeup
                0x00106af4       0x78 C:/Users/vilak/AppData/Local/Arm/Packs/ONSemiconductor/RSL10/3.6.465/lib/ble_core/Release/libblelib.a(lld_sleep.o)
                0x00106af4                lld_sleep_wakeup
 .text.lld_sleep_wakeup_end
                0x00106b6c       0x20 C:/Users/vilak/AppData/Local/Arm/Packs/ONSemiconductor/RSL10/3.6.465/lib/ble_core/Release/libblelib.a(lld_sleep.o)
                0x00106b6c                lld_sleep_wakeup_end
 .text.lld_util_get_local_offset
                0x00106b8c       0x16 C:/Users/vilak/AppData/Local/Arm/Packs/ONSemiconductor/RSL10/3.6.465/lib/ble_core/Release/libblelib.a(lld_util.o)
                0x00106b8c                lld_util_get_local_offset
 .text.lld_util_get_peer_offset
                0x00106ba2       0x18 C:/Users/vilak/AppData/Local/Arm/Packs/ONSemiconductor/RSL10/3.6.465/lib/ble_core/Release/libblelib.a(lld_util.o)
                0x00106ba2                lld_util_get_peer_offset
 .text.lld_util_instant_ongoing
                0x00106bba        0xc C:/Users/vilak/AppData/Local/Arm/Packs/ONSemiconductor/RSL10/3.6.465/lib/ble_core/Release/libblelib.a(lld_util.o)
                0x00106bba                lld_util_instant_ongoing
 *fill*         0x00106bc6        0x2 
 .text.lld_util_compute_ce_max
                0x00106bc8       0xac C:/Users/vilak/AppData/Local/Arm/Packs/ONSemiconductor/RSL10/3.6.465/lib/ble_core/Release/libblelib.a(lld_util.o)
                0x00106bc8                lld_util_compute_ce_max
 .text.lld_util_priority_set
                0x00106c74       0x48 C:/Users/vilak/AppData/Local/Arm/Packs/ONSemiconductor/RSL10/3.6.465/lib/ble_core/Release/libblelib.a(lld_util.o)
                0x00106c74                lld_util_priority_set
 .text.lld_util_get_tx_pkt_cnt
                0x00106cbc        0x6 C:/Users/vilak/AppData/Local/Arm/Packs/ONSemiconductor/RSL10/3.6.465/lib/ble_core/Release/libblelib.a(lld_util.o)
                0x00106cbc                lld_util_get_tx_pkt_cnt
 *fill*         0x00106cc2        0x2 
 .text.lld_util_get_phys
                0x00106cc4       0x34 C:/Users/vilak/AppData/Local/Arm/Packs/ONSemiconductor/RSL10/3.6.465/lib/ble_core/Release/libblelib.a(lld_util.o)
                0x00106cc4                lld_util_get_phys
 .text.lld_util_phy_update_ind
                0x00106cf8       0x74 C:/Users/vilak/AppData/Local/Arm/Packs/ONSemiconductor/RSL10/3.6.465/lib/ble_core/Release/libblelib.a(lld_util.o)
                0x00106cf8                lld_util_phy_update_ind
 .text.lld_util_phy_update_req
                0x00106d6c       0x68 C:/Users/vilak/AppData/Local/Arm/Packs/ONSemiconductor/RSL10/3.6.465/lib/ble_core/Release/libblelib.a(lld_util.o)
                0x00106d6c                lld_util_phy_update_req
 .text.lld_util_eff_tx_time_set
                0x00106dd4        0xa C:/Users/vilak/AppData/Local/Arm/Packs/ONSemiconductor/RSL10/3.6.465/lib/ble_core/Release/libblelib.a(lld_util.o)
                0x00106dd4                lld_util_eff_tx_time_set
 *fill*         0x00106dde        0x2 
 .text.lld_util_max_lat_compute
                0x00106de0       0x80 C:/Users/vilak/AppData/Local/Arm/Packs/ONSemiconductor/RSL10/3.6.465/lib/ble_core/Release/libblelib.a(lld_util.o)
                0x00106de0                lld_util_max_lat_compute
 .text.llc_con_update_complete_send
                0x00106e60       0x60 C:/Users/vilak/AppData/Local/Arm/Packs/ONSemiconductor/RSL10/3.6.465/lib/ble_core/Release/libblelib.a(llc.o)
                0x00106e60                llc_con_update_complete_send
 .text.llc_feats_rd_event_send
                0x00106ec0       0x38 C:/Users/vilak/AppData/Local/Arm/Packs/ONSemiconductor/RSL10/3.6.465/lib/ble_core/Release/libblelib.a(llc.o)
                0x00106ec0                llc_feats_rd_event_send
 .text.llc_version_rd_event_send
                0x00106ef8       0x3c C:/Users/vilak/AppData/Local/Arm/Packs/ONSemiconductor/RSL10/3.6.465/lib/ble_core/Release/libblelib.a(llc.o)
                0x00106ef8                llc_version_rd_event_send
 .text.llc_common_enc_key_ref_comp_evt_send
                0x00106f34       0x20 C:/Users/vilak/AppData/Local/Arm/Packs/ONSemiconductor/RSL10/3.6.465/lib/ble_core/Release/libblelib.a(llc.o)
                0x00106f34                llc_common_enc_key_ref_comp_evt_send
 .text.llc_common_enc_change_evt_send
                0x00106f54       0x78 C:/Users/vilak/AppData/Local/Arm/Packs/ONSemiconductor/RSL10/3.6.465/lib/ble_core/Release/libblelib.a(llc.o)
                0x00106f54                llc_common_enc_change_evt_send
 .text.llc_con_update_ind
                0x00106fcc       0x4c C:/Users/vilak/AppData/Local/Arm/Packs/ONSemiconductor/RSL10/3.6.465/lib/ble_core/Release/libblelib.a(llc.o)
                0x00106fcc                llc_con_update_ind
 .text.llc_lsto_con_update
                0x00107018       0x40 C:/Users/vilak/AppData/Local/Arm/Packs/ONSemiconductor/RSL10/3.6.465/lib/ble_core/Release/libblelib.a(llc.o)
                0x00107018                llc_lsto_con_update
 .text.llc_map_update_ind
                0x00107058       0x58 C:/Users/vilak/AppData/Local/Arm/Packs/ONSemiconductor/RSL10/3.6.465/lib/ble_core/Release/libblelib.a(llc.o)
                0x00107058                llc_map_update_ind
 .text.llc_con_update_finished
                0x001070b0       0x84 C:/Users/vilak/AppData/Local/Arm/Packs/ONSemiconductor/RSL10/3.6.465/lib/ble_core/Release/libblelib.a(llc.o)
                0x001070b0                llc_con_update_finished
 .text.llc_map_update_finished
                0x00107134       0x7c C:/Users/vilak/AppData/Local/Arm/Packs/ONSemiconductor/RSL10/3.6.465/lib/ble_core/Release/libblelib.a(llc.o)
                0x00107134                llc_map_update_finished
 .text.llc_end_procedure_with_instant
                0x001071b0       0x78 C:/Users/vilak/AppData/Local/Arm/Packs/ONSemiconductor/RSL10/3.6.465/lib/ble_core/Release/libblelib.a(llc.o)
                0x001071b0                llc_end_procedure_with_instant
 .text.llc_llcp_send
                0x00107228       0x80 C:/Users/vilak/AppData/Local/Arm/Packs/ONSemiconductor/RSL10/3.6.465/lib/ble_core/Release/libblelib.a(llc_llcp.o)
 .text.llcp_ping_rsp_handler
                0x001072a8       0x54 C:/Users/vilak/AppData/Local/Arm/Packs/ONSemiconductor/RSL10/3.6.465/lib/ble_core/Release/libblelib.a(llc_llcp.o)
 .text.llcp_enc_rsp_handler
                0x001072fc       0xe0 C:/Users/vilak/AppData/Local/Arm/Packs/ONSemiconductor/RSL10/3.6.465/lib/ble_core/Release/libblelib.a(llc_llcp.o)
 .text.llcp_terminate_ind_handler
                0x001073dc       0x4c C:/Users/vilak/AppData/Local/Arm/Packs/ONSemiconductor/RSL10/3.6.465/lib/ble_core/Release/libblelib.a(llc_llcp.o)
 .text.llc_llcp_reject_ind
                0x00107428      0x23c C:/Users/vilak/AppData/Local/Arm/Packs/ONSemiconductor/RSL10/3.6.465/lib/ble_core/Release/libblelib.a(llc_llcp.o)
 .text.llcp_reject_ind_ext_handler
                0x00107664       0x10 C:/Users/vilak/AppData/Local/Arm/Packs/ONSemiconductor/RSL10/3.6.465/lib/ble_core/Release/libblelib.a(llc_llcp.o)
 .text.llcp_reject_ind_handler
                0x00107674       0x10 C:/Users/vilak/AppData/Local/Arm/Packs/ONSemiconductor/RSL10/3.6.465/lib/ble_core/Release/libblelib.a(llc_llcp.o)
 .text.llcp_pause_enc_req_handler
                0x00107684       0xbc C:/Users/vilak/AppData/Local/Arm/Packs/ONSemiconductor/RSL10/3.6.465/lib/ble_core/Release/libblelib.a(llc_llcp.o)
 .text.llcp_start_enc_req_handler
                0x00107740       0x68 C:/Users/vilak/AppData/Local/Arm/Packs/ONSemiconductor/RSL10/3.6.465/lib/ble_core/Release/libblelib.a(llc_llcp.o)
 .text.llcp_enc_req_handler
                0x001077a8       0xcc C:/Users/vilak/AppData/Local/Arm/Packs/ONSemiconductor/RSL10/3.6.465/lib/ble_core/Release/libblelib.a(llc_llcp.o)
 .text.llcp_unknown_rsp_handler
                0x00107874      0x23c C:/Users/vilak/AppData/Local/Arm/Packs/ONSemiconductor/RSL10/3.6.465/lib/ble_core/Release/libblelib.a(llc_llcp.o)
 .text.llc_llcp_version_ind_pdu_send
                0x00107ab0       0x2a C:/Users/vilak/AppData/Local/Arm/Packs/ONSemiconductor/RSL10/3.6.465/lib/ble_core/Release/libblelib.a(llc_llcp.o)
                0x00107ab0                llc_llcp_version_ind_pdu_send
 *fill*         0x00107ada        0x2 
 .text.llcp_vers_ind_handler
                0x00107adc       0x98 C:/Users/vilak/AppData/Local/Arm/Packs/ONSemiconductor/RSL10/3.6.465/lib/ble_core/Release/libblelib.a(llc_llcp.o)
 .text.llc_llcp_pause_enc_rsp_pdu_send
                0x00107b74       0x40 C:/Users/vilak/AppData/Local/Arm/Packs/ONSemiconductor/RSL10/3.6.465/lib/ble_core/Release/libblelib.a(llc_llcp.o)
                0x00107b74                llc_llcp_pause_enc_rsp_pdu_send
 .text.llcp_pause_enc_rsp_handler
                0x00107bb4       0xd4 C:/Users/vilak/AppData/Local/Arm/Packs/ONSemiconductor/RSL10/3.6.465/lib/ble_core/Release/libblelib.a(llc_llcp.o)
 .text.llc_llcp_start_enc_rsp_pdu_send
                0x00107c88       0x16 C:/Users/vilak/AppData/Local/Arm/Packs/ONSemiconductor/RSL10/3.6.465/lib/ble_core/Release/libblelib.a(llc_llcp.o)
                0x00107c88                llc_llcp_start_enc_rsp_pdu_send
 *fill*         0x00107c9e        0x2 
 .text.llcp_start_enc_rsp_handler
                0x00107ca0      0x124 C:/Users/vilak/AppData/Local/Arm/Packs/ONSemiconductor/RSL10/3.6.465/lib/ble_core/Release/libblelib.a(llc_llcp.o)
 .text.llc_llcp_reject_ind_pdu_send
                0x00107dc4       0x5c C:/Users/vilak/AppData/Local/Arm/Packs/ONSemiconductor/RSL10/3.6.465/lib/ble_core/Release/libblelib.a(llc_llcp.o)
                0x00107dc4                llc_llcp_reject_ind_pdu_send
 .text.llcp_phy_upd_ind_handler
                0x00107e20      0x1e4 C:/Users/vilak/AppData/Local/Arm/Packs/ONSemiconductor/RSL10/3.6.465/lib/ble_core/Release/libblelib.a(llc_llcp.o)
 .text.llcp_phy_rsp_handler
                0x00108004       0x7c C:/Users/vilak/AppData/Local/Arm/Packs/ONSemiconductor/RSL10/3.6.465/lib/ble_core/Release/libblelib.a(llc_llcp.o)
 .text.llcp_length_rsp_handler
                0x00108080      0x17c C:/Users/vilak/AppData/Local/Arm/Packs/ONSemiconductor/RSL10/3.6.465/lib/ble_core/Release/libblelib.a(llc_llcp.o)
 .text.llcp_con_param_rsp_handler
                0x001081fc       0xf0 C:/Users/vilak/AppData/Local/Arm/Packs/ONSemiconductor/RSL10/3.6.465/lib/ble_core/Release/libblelib.a(llc_llcp.o)
 .text.llcp_feats_rsp_handler
                0x001082ec       0xa4 C:/Users/vilak/AppData/Local/Arm/Packs/ONSemiconductor/RSL10/3.6.465/lib/ble_core/Release/libblelib.a(llc_llcp.o)
 .text.llcp_channel_map_ind_handler
                0x00108390      0x14c C:/Users/vilak/AppData/Local/Arm/Packs/ONSemiconductor/RSL10/3.6.465/lib/ble_core/Release/libblelib.a(llc_llcp.o)
 .text.llcp_con_upd_ind_handler
                0x001084dc      0x1c4 C:/Users/vilak/AppData/Local/Arm/Packs/ONSemiconductor/RSL10/3.6.465/lib/ble_core/Release/libblelib.a(llc_llcp.o)
 .text.llc_llcp_con_param_rsp_pdu_send
                0x001086a0       0x60 C:/Users/vilak/AppData/Local/Arm/Packs/ONSemiconductor/RSL10/3.6.465/lib/ble_core/Release/libblelib.a(llc_llcp.o)
                0x001086a0                llc_llcp_con_param_rsp_pdu_send
 .text.llcp_con_param_req_handler
                0x00108700      0x428 C:/Users/vilak/AppData/Local/Arm/Packs/ONSemiconductor/RSL10/3.6.465/lib/ble_core/Release/libblelib.a(llc_llcp.o)
 .text.llc_llcp_feats_rsp_pdu_send
                0x00108b28       0x2e C:/Users/vilak/AppData/Local/Arm/Packs/ONSemiconductor/RSL10/3.6.465/lib/ble_core/Release/libblelib.a(llc_llcp.o)
                0x00108b28                llc_llcp_feats_rsp_pdu_send
 *fill*         0x00108b56        0x2 
 .text.llcp_slave_feature_req_handler
                0x00108b58       0x54 C:/Users/vilak/AppData/Local/Arm/Packs/ONSemiconductor/RSL10/3.6.465/lib/ble_core/Release/libblelib.a(llc_llcp.o)
 .text.llcp_feats_req_handler
                0x00108bac       0x64 C:/Users/vilak/AppData/Local/Arm/Packs/ONSemiconductor/RSL10/3.6.465/lib/ble_core/Release/libblelib.a(llc_llcp.o)
 .text.llc_llcp_unknown_rsp_send_pdu
                0x00108c10       0x1a C:/Users/vilak/AppData/Local/Arm/Packs/ONSemiconductor/RSL10/3.6.465/lib/ble_core/Release/libblelib.a(llc_llcp.o)
                0x00108c10                llc_llcp_unknown_rsp_send_pdu
 .text.llc_llcp_ping_rsp_pdu_send
                0x00108c2a       0x16 C:/Users/vilak/AppData/Local/Arm/Packs/ONSemiconductor/RSL10/3.6.465/lib/ble_core/Release/libblelib.a(llc_llcp.o)
                0x00108c2a                llc_llcp_ping_rsp_pdu_send
 .text.llcp_ping_req_handler
                0x00108c40       0x24 C:/Users/vilak/AppData/Local/Arm/Packs/ONSemiconductor/RSL10/3.6.465/lib/ble_core/Release/libblelib.a(llc_llcp.o)
 .text.llc_llcp_length_rsp_pdu_send
                0x00108c64       0x40 C:/Users/vilak/AppData/Local/Arm/Packs/ONSemiconductor/RSL10/3.6.465/lib/ble_core/Release/libblelib.a(llc_llcp.o)
                0x00108c64                llc_llcp_length_rsp_pdu_send
 .text.llcp_length_req_handler
                0x00108ca4      0x150 C:/Users/vilak/AppData/Local/Arm/Packs/ONSemiconductor/RSL10/3.6.465/lib/ble_core/Release/libblelib.a(llc_llcp.o)
 .text.llc_llcp_phy_rsp_pdu_send
                0x00108df4       0x22 C:/Users/vilak/AppData/Local/Arm/Packs/ONSemiconductor/RSL10/3.6.465/lib/ble_core/Release/libblelib.a(llc_llcp.o)
                0x00108df4                llc_llcp_phy_rsp_pdu_send
 *fill*         0x00108e16        0x2 
 .text.llcp_phy_req_handler
                0x00108e18      0x1b4 C:/Users/vilak/AppData/Local/Arm/Packs/ONSemiconductor/RSL10/3.6.465/lib/ble_core/Release/libblelib.a(llc_llcp.o)
 .text.llc_llcp_recv_handler
                0x00108fcc       0x98 C:/Users/vilak/AppData/Local/Arm/Packs/ONSemiconductor/RSL10/3.6.465/lib/ble_core/Release/libblelib.a(llc_llcp.o)
                0x00108fcc                llc_llcp_recv_handler
 .text.llc_util_dicon_procedure
                0x00109064       0x48 C:/Users/vilak/AppData/Local/Arm/Packs/ONSemiconductor/RSL10/3.6.465/lib/ble_core/Release/libblelib.a(llc_util.o)
                0x00109064                llc_util_dicon_procedure
 .text.llc_util_clear_operation_ptr
                0x001090ac       0x20 C:/Users/vilak/AppData/Local/Arm/Packs/ONSemiconductor/RSL10/3.6.465/lib/ble_core/Release/libblelib.a(llc_util.o)
                0x001090ac                llc_util_clear_operation_ptr
 .text.llc_start_enc_tx
                0x001090cc       0x64 C:/Users/vilak/AppData/Local/Arm/Packs/ONSemiconductor/RSL10/3.6.465/lib/ble_core/Release/libblelib.a(llc_util.o)
                0x001090cc                llc_start_enc_tx
 .text.llc_start_enc_rx
                0x00109130       0x68 C:/Users/vilak/AppData/Local/Arm/Packs/ONSemiconductor/RSL10/3.6.465/lib/ble_core/Release/libblelib.a(llc_util.o)
                0x00109130                llc_start_enc_rx
 .text.em_buf_rx_free
                0x00109198       0x20 C:/Users/vilak/AppData/Local/Arm/Packs/ONSemiconductor/RSL10/3.6.465/lib/ble_core/Release/libblelib.a(em_buf.o)
                0x00109198                em_buf_rx_free
 .text.platform_reset
                0x001091b8       0x30 C:/Users/vilak/AppData/Local/Arm/Packs/ONSemiconductor/RSL10/3.6.465/lib/ble_core/Release/libkelib.a(rst_grosstime.o)
                0x001091b8                platform_reset
 .text.ea_time_get_halfslot_rounded
                0x001091e8       0x1c C:/Users/vilak/AppData/Local/Arm/Packs/ONSemiconductor/RSL10/3.6.465/lib/ble_core/Release/libkelib.a(rst_grosstime.o)
                0x001091e8                ea_time_get_halfslot_rounded
 .text.lld_evt_timer_isr
                0x00109204        0x6 C:/Users/vilak/AppData/Local/Arm/Packs/ONSemiconductor/RSL10/3.6.465/lib/ble_core/Release/libkelib.a(rst_grosstime.o)
                0x00109204                lld_evt_timer_isr
 *fill*         0x0010920a        0x2 
 .text.grosstimer_isr
                0x0010920c       0x20 C:/Users/vilak/AppData/Local/Arm/Packs/ONSemiconductor/RSL10/3.6.465/lib/ble_core/Release/libkelib.a(rst_grosstime.o)
                0x0010920c                grosstimer_isr
                0x0010920c                BLE_GROSSTGTIM_IRQHandler
 .text.Kernel_Init
                0x0010922c       0x60 C:/Users/vilak/AppData/Local/Arm/Packs/ONSemiconductor/RSL10/3.6.465/lib/ble_core/Release/libkelib.a(rwip2.o)
                0x0010922c                Kernel_Init
 .text.Kernel_Schedule
                0x0010928c       0x14 C:/Users/vilak/AppData/Local/Arm/Packs/ONSemiconductor/RSL10/3.6.465/lib/ble_core/Release/libkelib.a(rwip2.o)
                0x0010928c                Kernel_Schedule
 .text.ke_init  0x001092a0       0x38 C:/Users/vilak/AppData/Local/Arm/Packs/ONSemiconductor/RSL10/3.6.465/lib/ble_core/Release/libkelib.a(ke.o)
                0x001092a0                ke_init
 .text.ke_event_init
                0x001092d8       0x10 C:/Users/vilak/AppData/Local/Arm/Packs/ONSemiconductor/RSL10/3.6.465/lib/ble_core/Release/libkelib.a(ke_event.o)
                0x001092d8                ke_event_init
 .text.ke_event_callback_set
                0x001092e8       0x18 C:/Users/vilak/AppData/Local/Arm/Packs/ONSemiconductor/RSL10/3.6.465/lib/ble_core/Release/libkelib.a(ke_event.o)
                0x001092e8                ke_event_callback_set
 .text.ke_event_set
                0x00109300       0x24 C:/Users/vilak/AppData/Local/Arm/Packs/ONSemiconductor/RSL10/3.6.465/lib/ble_core/Release/libkelib.a(ke_event.o)
                0x00109300                ke_event_set
 .text.ke_event_clear
                0x00109324       0x28 C:/Users/vilak/AppData/Local/Arm/Packs/ONSemiconductor/RSL10/3.6.465/lib/ble_core/Release/libkelib.a(ke_event.o)
                0x00109324                ke_event_clear
 .text.ke_event_schedule
                0x0010934c       0x28 C:/Users/vilak/AppData/Local/Arm/Packs/ONSemiconductor/RSL10/3.6.465/lib/ble_core/Release/libkelib.a(ke_event.o)
                0x0010934c                ke_event_schedule
 .text.ke_mem_init
                0x00109374       0x40 C:/Users/vilak/AppData/Local/Arm/Packs/ONSemiconductor/RSL10/3.6.465/lib/ble_core/Release/libkelib.a(ke_mem.o)
                0x00109374                ke_mem_init
 .text.ke_malloc
                0x001093b4       0xac C:/Users/vilak/AppData/Local/Arm/Packs/ONSemiconductor/RSL10/3.6.465/lib/ble_core/Release/libkelib.a(ke_mem.o)
                0x001093b4                ke_malloc
 .text.ke_free  0x00109460       0xd0 C:/Users/vilak/AppData/Local/Arm/Packs/ONSemiconductor/RSL10/3.6.465/lib/ble_core/Release/libkelib.a(ke_mem.o)
                0x00109460                ke_free
 .text.ke_is_free
                0x00109530       0x10 C:/Users/vilak/AppData/Local/Arm/Packs/ONSemiconductor/RSL10/3.6.465/lib/ble_core/Release/libkelib.a(ke_mem.o)
                0x00109530                ke_is_free
 .text.ke_msg_alloc
                0x00109540       0x34 C:/Users/vilak/AppData/Local/Arm/Packs/ONSemiconductor/RSL10/3.6.465/lib/ble_core/Release/libkelib.a(ke_msg.o)
                0x00109540                ke_msg_alloc
 .text.ke_msg_send
                0x00109574       0x28 C:/Users/vilak/AppData/Local/Arm/Packs/ONSemiconductor/RSL10/3.6.465/lib/ble_core/Release/libkelib.a(ke_msg.o)
                0x00109574                ke_msg_send
 .text.ke_msg_send_basic
                0x0010959c       0x10 C:/Users/vilak/AppData/Local/Arm/Packs/ONSemiconductor/RSL10/3.6.465/lib/ble_core/Release/libkelib.a(ke_msg.o)
                0x0010959c                ke_msg_send_basic
 .text.ke_msg_free
                0x001095ac        0x4 C:/Users/vilak/AppData/Local/Arm/Packs/ONSemiconductor/RSL10/3.6.465/lib/ble_core/Release/libkelib.a(ke_msg.o)
                0x001095ac                ke_msg_free
 .text.cmp_dest_id
                0x001095b0        0xa C:/Users/vilak/AppData/Local/Arm/Packs/ONSemiconductor/RSL10/3.6.465/lib/ble_core/Release/libkelib.a(ke_task.o)
 .text.ke_handler_search
                0x001095ba       0x2c C:/Users/vilak/AppData/Local/Arm/Packs/ONSemiconductor/RSL10/3.6.465/lib/ble_core/Release/libkelib.a(ke_task.o)
 *fill*         0x001095e6        0x2 
 .text.ke_task_schedule
                0x001095e8       0xb4 C:/Users/vilak/AppData/Local/Arm/Packs/ONSemiconductor/RSL10/3.6.465/lib/ble_core/Release/libkelib.a(ke_task.o)
 .text.ke_task_init
                0x0010969c       0x20 C:/Users/vilak/AppData/Local/Arm/Packs/ONSemiconductor/RSL10/3.6.465/lib/ble_core/Release/libkelib.a(ke_task.o)
                0x0010969c                ke_task_init
 .text.ke_task_create
                0x001096bc       0x30 C:/Users/vilak/AppData/Local/Arm/Packs/ONSemiconductor/RSL10/3.6.465/lib/ble_core/Release/libkelib.a(ke_task.o)
                0x001096bc                ke_task_create
 .text.ke_state_set
                0x001096ec       0x70 C:/Users/vilak/AppData/Local/Arm/Packs/ONSemiconductor/RSL10/3.6.465/lib/ble_core/Release/libkelib.a(ke_task.o)
                0x001096ec                ke_state_set
 .text.ke_state_get
                0x0010975c       0x28 C:/Users/vilak/AppData/Local/Arm/Packs/ONSemiconductor/RSL10/3.6.465/lib/ble_core/Release/libkelib.a(ke_task.o)
                0x0010975c                ke_state_get
 .text.cmp_abs_time
                0x00109784        0xc C:/Users/vilak/AppData/Local/Arm/Packs/ONSemiconductor/RSL10/3.6.465/lib/ble_core/Release/libkelib.a(ke_timer.o)
 .text.cmp_timer_id
                0x00109790       0x18 C:/Users/vilak/AppData/Local/Arm/Packs/ONSemiconductor/RSL10/3.6.465/lib/ble_core/Release/libkelib.a(ke_timer.o)
 .text.ke_timer_hw_set
                0x001097a8       0x34 C:/Users/vilak/AppData/Local/Arm/Packs/ONSemiconductor/RSL10/3.6.465/lib/ble_core/Release/libkelib.a(ke_timer.o)
 .text.ke_time_past
                0x001097dc       0x18 C:/Users/vilak/AppData/Local/Arm/Packs/ONSemiconductor/RSL10/3.6.465/lib/ble_core/Release/libkelib.a(ke_timer.o)
 .text.ke_timer_schedule
                0x001097f4       0x60 C:/Users/vilak/AppData/Local/Arm/Packs/ONSemiconductor/RSL10/3.6.465/lib/ble_core/Release/libkelib.a(ke_timer.o)
 .text.ke_timer_init
                0x00109854        0xc C:/Users/vilak/AppData/Local/Arm/Packs/ONSemiconductor/RSL10/3.6.465/lib/ble_core/Release/libkelib.a(ke_timer.o)
                0x00109854                ke_timer_init
 .text.ke_timer_set
                0x00109860       0xb0 C:/Users/vilak/AppData/Local/Arm/Packs/ONSemiconductor/RSL10/3.6.465/lib/ble_core/Release/libkelib.a(ke_timer.o)
                0x00109860                ke_timer_set
 .text.ke_timer_clear
                0x00109910       0x68 C:/Users/vilak/AppData/Local/Arm/Packs/ONSemiconductor/RSL10/3.6.465/lib/ble_core/Release/libkelib.a(ke_timer.o)
                0x00109910                ke_timer_clear
 .text.co_list_init
                0x00109978        0x8 C:/Users/vilak/AppData/Local/Arm/Packs/ONSemiconductor/RSL10/3.6.465/lib/ble_core/Release/libkelib.a(co_list.o)
                0x00109978                co_list_init
 .text.co_list_push_back
                0x00109980       0x14 C:/Users/vilak/AppData/Local/Arm/Packs/ONSemiconductor/RSL10/3.6.465/lib/ble_core/Release/libkelib.a(co_list.o)
                0x00109980                co_list_push_back
 .text.co_list_push_front
                0x00109994        0xc C:/Users/vilak/AppData/Local/Arm/Packs/ONSemiconductor/RSL10/3.6.465/lib/ble_core/Release/libkelib.a(co_list.o)
                0x00109994                co_list_push_front
 .text.co_list_pop_front
                0x001099a0       0x10 C:/Users/vilak/AppData/Local/Arm/Packs/ONSemiconductor/RSL10/3.6.465/lib/ble_core/Release/libkelib.a(co_list.o)
                0x001099a0                co_list_pop_front
 .text.co_list_extract
                0x001099b0       0x36 C:/Users/vilak/AppData/Local/Arm/Packs/ONSemiconductor/RSL10/3.6.465/lib/ble_core/Release/libkelib.a(co_list.o)
                0x001099b0                co_list_extract
 .text.co_list_extract_after
                0x001099e6       0x18 C:/Users/vilak/AppData/Local/Arm/Packs/ONSemiconductor/RSL10/3.6.465/lib/ble_core/Release/libkelib.a(co_list.o)
                0x001099e6                co_list_extract_after
 .text.co_list_find
                0x001099fe       0x12 C:/Users/vilak/AppData/Local/Arm/Packs/ONSemiconductor/RSL10/3.6.465/lib/ble_core/Release/libkelib.a(co_list.o)
                0x001099fe                co_list_find
 .text.co_list_insert_after
                0x00109a10       0x22 C:/Users/vilak/AppData/Local/Arm/Packs/ONSemiconductor/RSL10/3.6.465/lib/ble_core/Release/libkelib.a(co_list.o)
                0x00109a10                co_list_insert_after
 .text.ke_queue_extract
                0x00109a32       0x3a C:/Users/vilak/AppData/Local/Arm/Packs/ONSemiconductor/RSL10/3.6.465/lib/ble_core/Release/libkelib.a(ke_queue.o)
                0x00109a32                ke_queue_extract
 .text.ke_queue_insert
                0x00109a6c       0x2e C:/Users/vilak/AppData/Local/Arm/Packs/ONSemiconductor/RSL10/3.6.465/lib/ble_core/Release/libkelib.a(ke_queue.o)
                0x00109a6c                ke_queue_insert
 .text._GetAvailWriteSpace
                0x00109a9a       0x12 C:/Users/vilak/AppData/Local/Arm/Packs/ONSemiconductor/BDK/1.19.0/lib/libRTT.a(SEGGER_RTT.o)
 .text._WriteNoCheck
                0x00109aac       0x38 C:/Users/vilak/AppData/Local/Arm/Packs/ONSemiconductor/BDK/1.19.0/lib/libRTT.a(SEGGER_RTT.o)
 .text._WriteBlocking
                0x00109ae4       0x52 C:/Users/vilak/AppData/Local/Arm/Packs/ONSemiconductor/BDK/1.19.0/lib/libRTT.a(SEGGER_RTT.o)
 *fill*         0x00109b36        0x2 
 .text._DoInit  0x00109b38       0x60 C:/Users/vilak/AppData/Local/Arm/Packs/ONSemiconductor/BDK/1.19.0/lib/libRTT.a(SEGGER_RTT.o)
 .text.SEGGER_RTT_WriteNoLock
                0x00109b98       0x60 C:/Users/vilak/AppData/Local/Arm/Packs/ONSemiconductor/BDK/1.19.0/lib/libRTT.a(SEGGER_RTT.o)
                0x00109b98                SEGGER_RTT_WriteNoLock
 .text.SEGGER_RTT_Write
                0x00109bf8       0x34 C:/Users/vilak/AppData/Local/Arm/Packs/ONSemiconductor/BDK/1.19.0/lib/libRTT.a(SEGGER_RTT.o)
                0x00109bf8                SEGGER_RTT_Write
 *fill*         0x00109c2c        0x4 
 .text.exp      0x00109c30       0x80 c:/program files (x86)/onsemi/ide_v4.1.2.79/arm_tools/bin/../lib/gcc/arm-none-eabi/10.2.1/../../../../arm-none-eabi/lib/thumb/v7-m/nofp\libm.a(lib_a-w_exp.o)
                0x00109c30                exp
 .text.log10f   0x00109cb0       0x60 c:/program files (x86)/onsemi/ide_v4.1.2.79/arm_tools/bin/../lib/gcc/arm-none-eabi/10.2.1/../../../../arm-none-eabi/lib/thumb/v7-m/nofp\libm.a(lib_a-wf_log10.o)
                0x00109cb0                log10f
 .text.sqrtf    0x00109d10       0x48 c:/program files (x86)/onsemi/ide_v4.1.2.79/arm_tools/bin/../lib/gcc/arm-none-eabi/10.2.1/../../../../arm-none-eabi/lib/thumb/v7-m/nofp\libm.a(lib_a-wf_sqrt.o)
                0x00109d10                sqrtf
 .text.__ieee754_exp
                0x00109d58      0x3a0 c:/program files (x86)/onsemi/ide_v4.1.2.79/arm_tools/bin/../lib/gcc/arm-none-eabi/10.2.1/../../../../arm-none-eabi/lib/thumb/v7-m/nofp\libm.a(lib_a-e_exp.o)
                0x00109d58                __ieee754_exp
 .text.__ieee754_log10f
                0x0010a0f8       0xa8 c:/program files (x86)/onsemi/ide_v4.1.2.79/arm_tools/bin/../lib/gcc/arm-none-eabi/10.2.1/../../../../arm-none-eabi/lib/thumb/v7-m/nofp\libm.a(lib_a-ef_log10.o)
                0x0010a0f8                __ieee754_log10f
 .text.__ieee754_sqrtf
                0x0010a1a0       0xb0 c:/program files (x86)/onsemi/ide_v4.1.2.79/arm_tools/bin/../lib/gcc/arm-none-eabi/10.2.1/../../../../arm-none-eabi/lib/thumb/v7-m/nofp\libm.a(lib_a-ef_sqrt.o)
                0x0010a1a0                __ieee754_sqrtf
 .text.finite   0x0010a250        0xc c:/program files (x86)/onsemi/ide_v4.1.2.79/arm_tools/bin/../lib/gcc/arm-none-eabi/10.2.1/../../../../arm-none-eabi/lib/thumb/v7-m/nofp\libm.a(lib_a-s_finite.o)
                0x0010a250                finite
 .text.nanf     0x0010a25c        0x8 c:/program files (x86)/onsemi/ide_v4.1.2.79/arm_tools/bin/../lib/gcc/arm-none-eabi/10.2.1/../../../../arm-none-eabi/lib/thumb/v7-m/nofp\libm.a(lib_a-sf_nan.o)
                0x0010a25c                nanf
 .text.__ieee754_logf
                0x0010a264      0x280 c:/program files (x86)/onsemi/ide_v4.1.2.79/arm_tools/bin/../lib/gcc/arm-none-eabi/10.2.1/../../../../arm-none-eabi/lib/thumb/v7-m/nofp\libm.a(lib_a-ef_log.o)
                0x0010a264                __ieee754_logf
 .text          0x0010a4e4      0x378 c:/program files (x86)/onsemi/ide_v4.1.2.79/arm_tools/bin/../lib/gcc/arm-none-eabi/10.2.1/thumb/v7-m/nofp\libgcc.a(_arm_addsubdf3.o)
                0x0010a4e4                __aeabi_drsub
                0x0010a4ec                __aeabi_dsub
                0x0010a4ec                __subdf3
                0x0010a4f0                __aeabi_dadd
                0x0010a4f0                __adddf3
                0x0010a768                __floatunsidf
                0x0010a768                __aeabi_ui2d
                0x0010a788                __floatsidf
                0x0010a788                __aeabi_i2d
                0x0010a7ac                __aeabi_f2d
                0x0010a7ac                __extendsfdf2
                0x0010a7f0                __floatundidf
                0x0010a7f0                __aeabi_ul2d
                0x0010a800                __floatdidf
                0x0010a800                __aeabi_l2d
 .text          0x0010a85c      0x424 c:/program files (x86)/onsemi/ide_v4.1.2.79/arm_tools/bin/../lib/gcc/arm-none-eabi/10.2.1/thumb/v7-m/nofp\libgcc.a(_arm_muldivdf3.o)
                0x0010a85c                __aeabi_dmul
                0x0010a85c                __muldf3
                0x0010aab0                __divdf3
                0x0010aab0                __aeabi_ddiv
 .text          0x0010ac80      0x110 c:/program files (x86)/onsemi/ide_v4.1.2.79/arm_tools/bin/../lib/gcc/arm-none-eabi/10.2.1/thumb/v7-m/nofp\libgcc.a(_arm_cmpdf2.o)
                0x0010ac80                __gtdf2
                0x0010ac80                __gedf2
                0x0010ac88                __ltdf2
                0x0010ac88                __ledf2
                0x0010ac90                __nedf2
                0x0010ac90                __eqdf2
                0x0010ac90                __cmpdf2
                0x0010ad0c                __aeabi_cdrcmple
                0x0010ad1c                __aeabi_cdcmpeq
                0x0010ad1c                __aeabi_cdcmple
                0x0010ad2c                __aeabi_dcmpeq
                0x0010ad40                __aeabi_dcmplt
                0x0010ad54                __aeabi_dcmple
                0x0010ad68                __aeabi_dcmpge
                0x0010ad7c                __aeabi_dcmpgt
 .text          0x0010ad90       0x50 c:/program files (x86)/onsemi/ide_v4.1.2.79/arm_tools/bin/../lib/gcc/arm-none-eabi/10.2.1/thumb/v7-m/nofp\libgcc.a(_arm_fixdfsi.o)
                0x0010ad90                __aeabi_d2iz
                0x0010ad90                __fixdfsi
 .text          0x0010ade0       0xa0 c:/program files (x86)/onsemi/ide_v4.1.2.79/arm_tools/bin/../lib/gcc/arm-none-eabi/10.2.1/thumb/v7-m/nofp\libgcc.a(_arm_truncdfsf2.o)
                0x0010ade0                __truncdfsf2
                0x0010ade0                __aeabi_d2f
 .text          0x0010ae80      0x21c c:/program files (x86)/onsemi/ide_v4.1.2.79/arm_tools/bin/../lib/gcc/arm-none-eabi/10.2.1/thumb/v7-m/nofp\libgcc.a(_arm_addsubsf3.o)
                0x0010ae80                __aeabi_frsub
                0x0010ae88                __subsf3
                0x0010ae88                __aeabi_fsub
                0x0010ae8c                __aeabi_fadd
                0x0010ae8c                __addsf3
                0x0010afec                __aeabi_ui2f
                0x0010afec                __floatunsisf
                0x0010aff4                __aeabi_i2f
                0x0010aff4                __floatsisf
                0x0010b010                __aeabi_ul2f
                0x0010b010                __floatundisf
                0x0010b020                __aeabi_l2f
                0x0010b020                __floatdisf
 .text          0x0010b09c      0x2a0 c:/program files (x86)/onsemi/ide_v4.1.2.79/arm_tools/bin/../lib/gcc/arm-none-eabi/10.2.1/thumb/v7-m/nofp\libgcc.a(_arm_muldivsf3.o)
                0x0010b09c                __mulsf3
                0x0010b09c                __aeabi_fmul
                0x0010b204                __aeabi_fdiv
                0x0010b204                __divsf3
 .text          0x0010b33c       0xec c:/program files (x86)/onsemi/ide_v4.1.2.79/arm_tools/bin/../lib/gcc/arm-none-eabi/10.2.1/thumb/v7-m/nofp\libgcc.a(_arm_cmpsf2.o)
                0x0010b33c                __gesf2
                0x0010b33c                __gtsf2
                0x0010b344                __lesf2
                0x0010b344                __ltsf2
                0x0010b34c                __nesf2
                0x0010b34c                __eqsf2
                0x0010b34c                __cmpsf2
                0x0010b3ac                __aeabi_cfrcmple
                0x0010b3b4                __aeabi_cfcmpeq
                0x0010b3b4                __aeabi_cfcmple
                0x0010b3c4                __aeabi_fcmpeq
                0x0010b3d8                __aeabi_fcmplt
                0x0010b3ec                __aeabi_fcmple
                0x0010b400                __aeabi_fcmpge
                0x0010b414                __aeabi_fcmpgt
 .text          0x0010b428       0x2c c:/program files (x86)/onsemi/ide_v4.1.2.79/arm_tools/bin/../lib/gcc/arm-none-eabi/10.2.1/thumb/v7-m/nofp\libgcc.a(_arm_unordsf2.o)
                0x0010b428                __unordsf2
                0x0010b428                __aeabi_fcmpun
 .text          0x0010b454       0xa0 c:/program files (x86)/onsemi/ide_v4.1.2.79/arm_tools/bin/../lib/gcc/arm-none-eabi/10.2.1/thumb/v7-m/nofp\libgcc.a(_aeabi_ldivmod.o)
                0x0010b454                __aeabi_ldivmod
 .text          0x0010b4f4      0x2d4 c:/program files (x86)/onsemi/ide_v4.1.2.79/arm_tools/bin/../lib/gcc/arm-none-eabi/10.2.1/thumb/v7-m/nofp\libgcc.a(_udivmoddi4.o)
                0x0010b4f4                __udivmoddi4
 .text          0x0010b7c8        0x4 c:/program files (x86)/onsemi/ide_v4.1.2.79/arm_tools/bin/../lib/gcc/arm-none-eabi/10.2.1/thumb/v7-m/nofp\libgcc.a(_dvmd_tls.o)
                0x0010b7c8                __aeabi_idiv0
                0x0010b7c8                __aeabi_ldiv0
 .text.__errno  0x0010b7cc        0xc c:/program files (x86)/onsemi/ide_v4.1.2.79/arm_tools/bin/../lib/gcc/arm-none-eabi/10.2.1/../../../../arm-none-eabi/lib/thumb/v7-m/nofp\libg_nano.a(lib_a-errno.o)
                0x0010b7cc                __errno
 .text.fprintf  0x0010b7d8       0x24 c:/program files (x86)/onsemi/ide_v4.1.2.79/arm_tools/bin/../lib/gcc/arm-none-eabi/10.2.1/../../../../arm-none-eabi/lib/thumb/v7-m/nofp\libg_nano.a(lib_a-fprintf.o)
                0x0010b7d8                fiprintf
                0x0010b7d8                fprintf
 .text.malloc   0x0010b7fc       0x10 c:/program files (x86)/onsemi/ide_v4.1.2.79/arm_tools/bin/../lib/gcc/arm-none-eabi/10.2.1/../../../../arm-none-eabi/lib/thumb/v7-m/nofp\libg_nano.a(lib_a-malloc.o)
                0x0010b7fc                malloc
 .text.free     0x0010b80c       0x10 c:/program files (x86)/onsemi/ide_v4.1.2.79/arm_tools/bin/../lib/gcc/arm-none-eabi/10.2.1/../../../../arm-none-eabi/lib/thumb/v7-m/nofp\libg_nano.a(lib_a-malloc.o)
                0x0010b80c                free
 .text.memcpy   0x0010b81c       0x1c c:/program files (x86)/onsemi/ide_v4.1.2.79/arm_tools/bin/../lib/gcc/arm-none-eabi/10.2.1/../../../../arm-none-eabi/lib/thumb/v7-m/nofp\libg_nano.a(lib_a-memcpy-stub.o)
                0x0010b81c                memcpy
 .text.memset   0x0010b838       0x10 c:/program files (x86)/onsemi/ide_v4.1.2.79/arm_tools/bin/../lib/gcc/arm-none-eabi/10.2.1/../../../../arm-none-eabi/lib/thumb/v7-m/nofp\libg_nano.a(lib_a-memset.o)
                0x0010b838                memset
 .text._free_r  0x0010b848       0x90 c:/program files (x86)/onsemi/ide_v4.1.2.79/arm_tools/bin/../lib/gcc/arm-none-eabi/10.2.1/../../../../arm-none-eabi/lib/thumb/v7-m/nofp\libg_nano.a(lib_a-nano-freer.o)
                0x0010b848                _free_r
 .text._malloc_r
                0x0010b8d8       0xb4 c:/program files (x86)/onsemi/ide_v4.1.2.79/arm_tools/bin/../lib/gcc/arm-none-eabi/10.2.1/../../../../arm-none-eabi/lib/thumb/v7-m/nofp\libg_nano.a(lib_a-nano-mallocr.o)
                0x0010b8d8                _malloc_r
 .text.__sfputc_r
                0x0010b98c       0x2a c:/program files (x86)/onsemi/ide_v4.1.2.79/arm_tools/bin/../lib/gcc/arm-none-eabi/10.2.1/../../../../arm-none-eabi/lib/thumb/v7-m/nofp\libg_nano.a(lib_a-nano-vfprintf.o)
 .text.__sfputs_r
                0x0010b9b6       0x24 c:/program files (x86)/onsemi/ide_v4.1.2.79/arm_tools/bin/../lib/gcc/arm-none-eabi/10.2.1/../../../../arm-none-eabi/lib/thumb/v7-m/nofp\libg_nano.a(lib_a-nano-vfprintf.o)
                0x0010b9b6                __sfputs_r
 *fill*         0x0010b9da        0x2 
 .text._vfprintf_r
                0x0010b9dc      0x260 c:/program files (x86)/onsemi/ide_v4.1.2.79/arm_tools/bin/../lib/gcc/arm-none-eabi/10.2.1/../../../../arm-none-eabi/lib/thumb/v7-m/nofp\libg_nano.a(lib_a-nano-vfprintf.o)
                0x0010b9dc                _vfprintf_r
                0x0010b9dc                _vfiprintf_r
 .text.__cvt    0x0010bc3c       0xbe c:/program files (x86)/onsemi/ide_v4.1.2.79/arm_tools/bin/../lib/gcc/arm-none-eabi/10.2.1/../../../../arm-none-eabi/lib/thumb/v7-m/nofp\libg_nano.a(lib_a-nano-vfprintf_float.o)
                0x0010bc3c                __cvt
 .text.__exponent
                0x0010bcfa       0x7c c:/program files (x86)/onsemi/ide_v4.1.2.79/arm_tools/bin/../lib/gcc/arm-none-eabi/10.2.1/../../../../arm-none-eabi/lib/thumb/v7-m/nofp\libg_nano.a(lib_a-nano-vfprintf_float.o)
                0x0010bcfa                __exponent
 *fill*         0x0010bd76        0x2 
 .text._printf_float
                0x0010bd78      0x458 c:/program files (x86)/onsemi/ide_v4.1.2.79/arm_tools/bin/../lib/gcc/arm-none-eabi/10.2.1/../../../../arm-none-eabi/lib/thumb/v7-m/nofp\libg_nano.a(lib_a-nano-vfprintf_float.o)
                0x0010bd78                _printf_float
 .text._printf_common
                0x0010c1d0       0xde c:/program files (x86)/onsemi/ide_v4.1.2.79/arm_tools/bin/../lib/gcc/arm-none-eabi/10.2.1/../../../../arm-none-eabi/lib/thumb/v7-m/nofp\libg_nano.a(lib_a-nano-vfprintf_i.o)
                0x0010c1d0                _printf_common
 *fill*         0x0010c2ae        0x2 
 .text._printf_i
                0x0010c2b0      0x24c c:/program files (x86)/onsemi/ide_v4.1.2.79/arm_tools/bin/../lib/gcc/arm-none-eabi/10.2.1/../../../../arm-none-eabi/lib/thumb/v7-m/nofp\libg_nano.a(lib_a-nano-vfprintf_i.o)
                0x0010c2b0                _printf_i
 .text.printf   0x0010c4fc       0x30 c:/program files (x86)/onsemi/ide_v4.1.2.79/arm_tools/bin/../lib/gcc/arm-none-eabi/10.2.1/../../../../arm-none-eabi/lib/thumb/v7-m/nofp\libg_nano.a(lib_a-printf.o)
                0x0010c4fc                iprintf
                0x0010c4fc                printf
 .text._puts_r  0x0010c52c       0xdc c:/program files (x86)/onsemi/ide_v4.1.2.79/arm_tools/bin/../lib/gcc/arm-none-eabi/10.2.1/../../../../arm-none-eabi/lib/thumb/v7-m/nofp\libg_nano.a(lib_a-puts.o)
                0x0010c52c                _puts_r
 .text.puts     0x0010c608       0x10 c:/program files (x86)/onsemi/ide_v4.1.2.79/arm_tools/bin/../lib/gcc/arm-none-eabi/10.2.1/../../../../arm-none-eabi/lib/thumb/v7-m/nofp\libg_nano.a(lib_a-puts.o)
                0x0010c608                puts
 .text.srand    0x0010c618       0x5c c:/program files (x86)/onsemi/ide_v4.1.2.79/arm_tools/bin/../lib/gcc/arm-none-eabi/10.2.1/../../../../arm-none-eabi/lib/thumb/v7-m/nofp\libg_nano.a(lib_a-rand.o)
                0x0010c618                srand
 .text.rand     0x0010c674       0x7c c:/program files (x86)/onsemi/ide_v4.1.2.79/arm_tools/bin/../lib/gcc/arm-none-eabi/10.2.1/../../../../arm-none-eabi/lib/thumb/v7-m/nofp\libg_nano.a(lib_a-rand.o)
                0x0010c674                rand
 .text._sbrk_r  0x0010c6f0       0x20 c:/program files (x86)/onsemi/ide_v4.1.2.79/arm_tools/bin/../lib/gcc/arm-none-eabi/10.2.1/../../../../arm-none-eabi/lib/thumb/v7-m/nofp\libg_nano.a(lib_a-sbrkr.o)
                0x0010c6f0                _sbrk_r
 .text.strcpy   0x0010c710       0x10 c:/program files (x86)/onsemi/ide_v4.1.2.79/arm_tools/bin/../lib/gcc/arm-none-eabi/10.2.1/../../../../arm-none-eabi/lib/thumb/v7-m/nofp\libg_nano.a(lib_a-strcpy.o)
                0x0010c710                strcpy
 .text          0x0010c720       0x10 c:/program files (x86)/onsemi/ide_v4.1.2.79/arm_tools/bin/../lib/gcc/arm-none-eabi/10.2.1/../../../../arm-none-eabi/lib/thumb/v7-m/nofp\libg_nano.a(lib_a-strlen.o)
                0x0010c720                strlen
 .text.__swbuf_r
                0x0010c730       0xa4 c:/program files (x86)/onsemi/ide_v4.1.2.79/arm_tools/bin/../lib/gcc/arm-none-eabi/10.2.1/../../../../arm-none-eabi/lib/thumb/v7-m/nofp\libg_nano.a(lib_a-wbuf.o)
                0x0010c730                __swbuf_r
 .text.__swsetup_r
                0x0010c7d4       0xdc c:/program files (x86)/onsemi/ide_v4.1.2.79/arm_tools/bin/../lib/gcc/arm-none-eabi/10.2.1/../../../../arm-none-eabi/lib/thumb/v7-m/nofp\libg_nano.a(lib_a-wsetup.o)
                0x0010c7d4                __swsetup_r
 .text.__assert_func
                0x0010c8b0       0x3c c:/program files (x86)/onsemi/ide_v4.1.2.79/arm_tools/bin/../lib/gcc/arm-none-eabi/10.2.1/../../../../arm-none-eabi/lib/thumb/v7-m/nofp\libg_nano.a(lib_a-assert.o)
                0x0010c8b0                __assert_func
 .text.quorem   0x0010c8ec      0x118 c:/program files (x86)/onsemi/ide_v4.1.2.79/arm_tools/bin/../lib/gcc/arm-none-eabi/10.2.1/../../../../arm-none-eabi/lib/thumb/v7-m/nofp\libg_nano.a(lib_a-dtoa.o)
 *fill*         0x0010ca04        0x4 
 .text._dtoa_r  0x0010ca08      0xbdc c:/program files (x86)/onsemi/ide_v4.1.2.79/arm_tools/bin/../lib/gcc/arm-none-eabi/10.2.1/../../../../arm-none-eabi/lib/thumb/v7-m/nofp\libg_nano.a(lib_a-dtoa.o)
                0x0010ca08                _dtoa_r
 .text.__sflush_r
                0x0010d5e4      0x104 c:/program files (x86)/onsemi/ide_v4.1.2.79/arm_tools/bin/../lib/gcc/arm-none-eabi/10.2.1/../../../../arm-none-eabi/lib/thumb/v7-m/nofp\libg_nano.a(lib_a-fflush.o)
                0x0010d5e4                __sflush_r
 .text._fflush_r
                0x0010d6e8       0x78 c:/program files (x86)/onsemi/ide_v4.1.2.79/arm_tools/bin/../lib/gcc/arm-none-eabi/10.2.1/../../../../arm-none-eabi/lib/thumb/v7-m/nofp\libg_nano.a(lib_a-fflush.o)
                0x0010d6e8                _fflush_r
 .text.std      0x0010d760       0x48 c:/program files (x86)/onsemi/ide_v4.1.2.79/arm_tools/bin/../lib/gcc/arm-none-eabi/10.2.1/../../../../arm-none-eabi/lib/thumb/v7-m/nofp\libg_nano.a(lib_a-findfp.o)
 .text._cleanup_r
                0x0010d7a8        0xc c:/program files (x86)/onsemi/ide_v4.1.2.79/arm_tools/bin/../lib/gcc/arm-none-eabi/10.2.1/../../../../arm-none-eabi/lib/thumb/v7-m/nofp\libg_nano.a(lib_a-findfp.o)
                0x0010d7a8                _cleanup_r
 .text.__sfmoreglue
                0x0010d7b4       0x2c c:/program files (x86)/onsemi/ide_v4.1.2.79/arm_tools/bin/../lib/gcc/arm-none-eabi/10.2.1/../../../../arm-none-eabi/lib/thumb/v7-m/nofp\libg_nano.a(lib_a-findfp.o)
                0x0010d7b4                __sfmoreglue
 .text.__sfp_lock_acquire
                0x0010d7e0        0xc c:/program files (x86)/onsemi/ide_v4.1.2.79/arm_tools/bin/../lib/gcc/arm-none-eabi/10.2.1/../../../../arm-none-eabi/lib/thumb/v7-m/nofp\libg_nano.a(lib_a-findfp.o)
                0x0010d7e0                __sfp_lock_acquire
 .text.__sfp_lock_release
                0x0010d7ec        0xc c:/program files (x86)/onsemi/ide_v4.1.2.79/arm_tools/bin/../lib/gcc/arm-none-eabi/10.2.1/../../../../arm-none-eabi/lib/thumb/v7-m/nofp\libg_nano.a(lib_a-findfp.o)
                0x0010d7ec                __sfp_lock_release
 .text.__sinit_lock_acquire
                0x0010d7f8        0xc c:/program files (x86)/onsemi/ide_v4.1.2.79/arm_tools/bin/../lib/gcc/arm-none-eabi/10.2.1/../../../../arm-none-eabi/lib/thumb/v7-m/nofp\libg_nano.a(lib_a-findfp.o)
                0x0010d7f8                __sinit_lock_acquire
 .text.__sinit_lock_release
                0x0010d804        0xc c:/program files (x86)/onsemi/ide_v4.1.2.79/arm_tools/bin/../lib/gcc/arm-none-eabi/10.2.1/../../../../arm-none-eabi/lib/thumb/v7-m/nofp\libg_nano.a(lib_a-findfp.o)
                0x0010d804                __sinit_lock_release
 .text.__sinit  0x0010d810       0x70 c:/program files (x86)/onsemi/ide_v4.1.2.79/arm_tools/bin/../lib/gcc/arm-none-eabi/10.2.1/../../../../arm-none-eabi/lib/thumb/v7-m/nofp\libg_nano.a(lib_a-findfp.o)
                0x0010d810                __sinit
 .text.__sfp    0x0010d880       0x8c c:/program files (x86)/onsemi/ide_v4.1.2.79/arm_tools/bin/../lib/gcc/arm-none-eabi/10.2.1/../../../../arm-none-eabi/lib/thumb/v7-m/nofp\libg_nano.a(lib_a-findfp.o)
                0x0010d880                __sfp
 .text._fwalk_reent
                0x0010d90c       0x3e c:/program files (x86)/onsemi/ide_v4.1.2.79/arm_tools/bin/../lib/gcc/arm-none-eabi/10.2.1/../../../../arm-none-eabi/lib/thumb/v7-m/nofp\libg_nano.a(lib_a-fwalk.o)
                0x0010d90c                _fwalk_reent
 *fill*         0x0010d94a        0x2 
 .text._localeconv_r
                0x0010d94c        0x8 c:/program files (x86)/onsemi/ide_v4.1.2.79/arm_tools/bin/../lib/gcc/arm-none-eabi/10.2.1/../../../../arm-none-eabi/lib/thumb/v7-m/nofp\libg_nano.a(lib_a-localeconv.o)